Archive member included to satisfy reference by file (symbol)

app/libapp.a(Hotpatch_CVE_10067.o)
                              (--whole-archive)
app/libapp.a(main.c.obj)      (--whole-archive)
zephyr/libzephyr.a(getopt.c.obj)
                              (--whole-archive)
zephyr/libzephyr.a(getopt_common.c.obj)
                              (--whole-archive)
zephyr/libzephyr.a(cbprintf_packaged.c.obj)
                              (--whole-archive)
zephyr/libzephyr.a(dec.c.obj)
                              (--whole-archive)
zephyr/libzephyr.a(fdtable.c.obj)
                              (--whole-archive)
zephyr/libzephyr.a(hex.c.obj)
                              (--whole-archive)
zephyr/libzephyr.a(printk.c.obj)
                              (--whole-archive)
zephyr/libzephyr.a(rb.c.obj)  (--whole-archive)
zephyr/libzephyr.a(sem.c.obj)
                              (--whole-archive)
zephyr/libzephyr.a(thread_entry.c.obj)
                              (--whole-archive)
zephyr/libzephyr.a(timeutil.c.obj)
                              (--whole-archive)
zephyr/libzephyr.a(heap.c.obj)
                              (--whole-archive)
zephyr/libzephyr.a(heap-validate.c.obj)
                              (--whole-archive)
zephyr/libzephyr.a(bitarray.c.obj)
                              (--whole-archive)
zephyr/libzephyr.a(multi_heap.c.obj)
                              (--whole-archive)
zephyr/libzephyr.a(onoff.c.obj)
                              (--whole-archive)
zephyr/libzephyr.a(notify.c.obj)
                              (--whole-archive)
zephyr/libzephyr.a(crc32c_sw.c.obj)
                              (--whole-archive)
zephyr/libzephyr.a(crc32_sw.c.obj)
                              (--whole-archive)
zephyr/libzephyr.a(crc16_sw.c.obj)
                              (--whole-archive)
zephyr/libzephyr.a(crc8_sw.c.obj)
                              (--whole-archive)
zephyr/libzephyr.a(crc7_sw.c.obj)
                              (--whole-archive)
zephyr/libzephyr.a(cbprintf_complete.c.obj)
                              (--whole-archive)
zephyr/libzephyr.a(cbprintf.c.obj)
                              (--whole-archive)
zephyr/libzephyr.a(ring_buffer.c.obj)
                              (--whole-archive)
zephyr/libzephyr.a(assert.c.obj)
                              (--whole-archive)
zephyr/libzephyr.a(reboot.c.obj)
                              (--whole-archive)
zephyr/libzephyr.a(fnmatch.c.obj)
                              (--whole-archive)
zephyr/libzephyr.a(configs.c.obj)
                              (--whole-archive)
zephyr/libzephyr.a(soc_nrf_common.S.obj)
                              (--whole-archive)
zephyr/libzephyr.a(validate_base_addresses.c.obj)
                              (--whole-archive)
zephyr/libzephyr.a(validate_enabled_instances.c.obj)
                              (--whole-archive)
zephyr/libzephyr.a(kernel_service.c.obj)
                              (--whole-archive)
zephyr/libzephyr.a(device_service.c.obj)
                              (--whole-archive)
zephyr/libzephyr.a(devmem_service.c.obj)
                              (--whole-archive)
zephyr/libzephyr.a(shell_uart.c.obj)
                              (--whole-archive)
zephyr/libzephyr.a(shell_dummy.c.obj)
                              (--whole-archive)
zephyr/libzephyr.a(shell.c.obj)
                              (--whole-archive)
zephyr/libzephyr.a(shell_fprintf.c.obj)
                              (--whole-archive)
zephyr/libzephyr.a(shell_utils.c.obj)
                              (--whole-archive)
zephyr/libzephyr.a(shell_ops.c.obj)
                              (--whole-archive)
zephyr/libzephyr.a(shell_help.c.obj)
                              (--whole-archive)
zephyr/libzephyr.a(shell_cmds.c.obj)
                              (--whole-archive)
zephyr/libzephyr.a(shell_history.c.obj)
                              (--whole-archive)
zephyr/libzephyr.a(shell_wildcard.c.obj)
                              (--whole-archive)
zephyr/libzephyr.a(pm.c.obj)  (--whole-archive)
zephyr/libzephyr.a(policy.c.obj)
                              (--whole-archive)
zephyr/libzephyr.a(state.c.obj)
                              (--whole-archive)
zephyr/libzephyr.a(tracing_none.c.obj)
                              (--whole-archive)
zephyr/libzephyr.a(nrf_cc3xx_platform_abort_zephyr.c.obj)
                              (--whole-archive)
zephyr/libzephyr.a(nrf_cc3xx_platform_mutex_zephyr.c.obj)
                              (--whole-archive)
zephyr/arch/common/libarch__common.a(sw_isr_common.c.obj)
                              (--whole-archive)
zephyr/arch/arch/arm/core/aarch32/libarch__arm__core__aarch32.a(cpu_idle.S.obj)
                              (--whole-archive)
zephyr/arch/arch/arm/core/aarch32/libarch__arm__core__aarch32.a(fatal.c.obj)
                              (--whole-archive)
zephyr/arch/arch/arm/core/aarch32/libarch__arm__core__aarch32.a(irq_manage.c.obj)
                              (--whole-archive)
[...]
Memory Configuration

Name             Origin             Length             Attributes
FLASH            0x0000000000000000 0x0000000000100000 xr
RAM              0x0000000020000000 0x0000000000040000 xw
IDT_LIST         0x00000000fffff7ff 0x0000000000000800 xw
*default*        0x0000000000000000 0xffffffffffffffff

Linker script and memory map

LOAD zephyr/CMakeFiles/zephyr_pre1.dir/misc/empty_file.c.obj
LOAD zephyr/CMakeFiles/zephyr_pre1.dir/dev_handles.c.obj
                0x0000000000000020                _region_min_align = 0x20

.rel.plt        0x0000000000000000        0x0
 *(SORT_BY_ALIGNMENT(.rel.plt))
                [!provide]                        PROVIDE (__rel_iplt_start = .)
 *(SORT_BY_ALIGNMENT(.rel.iplt))
 .rel.iplt      0x0000000000000000        0x0 app/libapp.a(Hotpatch_CVE_10067.o)
                [!provide]                        PROVIDE (__rel_iplt_end = .)

.rela.plt       0x0000000000000000        0x0
 *(SORT_BY_ALIGNMENT(.rela.plt))
                [!provide]                        PROVIDE (__rela_iplt_start = .)
 *(SORT_BY_ALIGNMENT(.rela.iplt))
                [!provide]                        PROVIDE (__rela_iplt_end = .)

.rel.dyn
 *(SORT_BY_ALIGNMENT(.rel.*))

.rela.dyn
 *(SORT_BY_ALIGNMENT(.rela.*))

/DISCARD/
 *(SORT_BY_ALIGNMENT(.plt))

/DISCARD/
 *(SORT_BY_ALIGNMENT(.iplt))
                0x0000000000000000                __rom_region_start = 0x0

rom_start       0x0000000000000000      0x100
                0x0000000000000000                . = 0x0
                0x0000000000000000                . = ALIGN (0x4)
                0x0000000000000000                . = ALIGN (0x80)
                0x0000000000000000                . = ALIGN (0x100)
                0x0000000000000000                _vector_start = .
 *(SORT_BY_ALIGNMENT(.exc_vector_table))
 *(SORT_BY_ALIGNMENT(.exc_vector_table.*))
 .exc_vector_table._vector_table_section
                0x0000000000000000       0x40 zephyr/arch/arch/arm/core/aarch32/cortex_m/libarch__arm__core__aarch32__cortex_m.a(vector_table.S.obj)
                0x0000000000000000                _vector_table
 *(SORT_BY_ALIGNMENT(.vectors))
                0x0000000000000100                _vector_end = .
                0x0000000000000040                . = ALIGN (0x4)
 *(SORT_BY_ALIGNMENT(.gnu.linkonce.irq_vector_table*))
 .gnu.linkonce.irq_vector_table
                0x0000000000000040       0xc0 zephyr/arch/common/libisr_tables.a(isr_tables.c.obj)
                0x0000000000000040                _irq_vector_table
                0x0000000000000100                _vector_end = .

text            0x0000000000000100     0xaf9c
                0x0000000000000100                __text_region_start = .
 *(SORT_BY_ALIGNMENT(.text))
 .text          0x0000000000000100       0xa0 /home/mohsen/ncs/toolchains/v2.3.0/opt/zephyr-sdk/arm-zephyr-eabi/arm-zephyr-eabi/lib/thumb/v7e-m/nofp/libc_nano.a(lib_a-memchr.o)
                0x0000000000000100                memchr
 .text          0x00000000000001a0       0x18 app/libapp.a(Hotpatch_CVE_10067.o)
                0x00000000000001a0                filter_10067
 .text          0x00000000000001b8       0x30 /home/mohsen/ncs/toolchains/v2.3.0/opt/zephyr-sdk/arm-zephyr-eabi/bin/../lib/gcc/arm-zephyr-eabi/12.1.0/thumb/v7e-m/nofp/libgcc.a(_aeabi_uldivmod.o)
                0x00000000000001b8                __aeabi_uldivmod
 .text          0x00000000000001e8        0x4 /home/mohsen/ncs/toolchains/v2.3.0/opt/zephyr-sdk/arm-zephyr-eabi/bin/../lib/gcc/arm-zephyr-eabi/12.1.0/thumb/v7e-m/nofp/libgcc.a(_dvmd_tls.o)
                0x00000000000001e8                __aeabi_ldiv0
                0x00000000000001e8                __aeabi_idiv0
 .text          0x00000000000001ec      0x2a0 /home/mohsen/ncs/toolchains/v2.3.0/opt/zephyr-sdk/arm-zephyr-eabi/bin/../lib/gcc/arm-zephyr-eabi/12.1.0/thumb/v7e-m/nofp/libgcc.a(_udivmoddi4.o)
                0x00000000000001ec                __udivmoddi4
 .text          0x000000000000048c       0x14 /home/mohsen/ncs/toolchains/v2.3.0/opt/zephyr-sdk/arm-zephyr-eabi/arm-zephyr-eabi/lib/thumb/v7e-m/nofp/libc_nano.a(lib_a-strcmp.o)
                0x000000000000048c                strcmp
 .text          0x00000000000004a0       0x10 /home/mohsen/ncs/toolchains/v2.3.0/opt/zephyr-sdk/arm-zephyr-eabi/arm-zephyr-eabi/lib/thumb/v7e-m/nofp/libc_nano.a(lib_a-strlen.o)
                0x00000000000004a0                strlen
 *(SORT_BY_ALIGNMENT(.text.*))
 .text.z_impl_sys_clock_hw_cycles_per_sec_runtime_get
                0x00000000000004b0       0x14 app/libapp.a(main.c.obj)
 .text.dwt_init
                0x00000000000004c4       0x40 app/libapp.a(main.c.obj)
 .text.dwt_get_counter
                0x0000000000000504       0x14 app/libapp.a(main.c.obj)
 .text.setup_profiler
                0x0000000000000518       0x30 app/libapp.a(main.c.obj)
 .text.profile_add_event
                0x0000000000000548       0x80 app/libapp.a(main.c.obj)
                0x0000000000000548                profile_add_event
 .text.profile_start
                0x00000000000005c8       0x40 app/libapp.a(main.c.obj)
                0x00000000000005c8                profile_start
 .text.profile_end
                0x0000000000000608       0x38 app/libapp.a(main.c.obj)
                0x0000000000000608                profile_end
 .text.main     0x0000000000000640       0x28 app/libapp.a(main.c.obj)
                0x0000000000000640                main
 .text.test_c27
                0x0000000000000668       0x94 app/libapp.a(main.c.obj)
                0x0000000000000668                test_c27
 .text.getopt   0x00000000000006fc       0xf8 zephyr/libzephyr.a(getopt.c.obj)
                0x00000000000006fc                getopt
 .text.z_getopt_global_state_update
                0x00000000000007f4       0x34 zephyr/libzephyr.a(getopt_common.c.obj)
                0x00000000000007f4                z_getopt_global_state_update
 .text.getopt_state_get
                0x0000000000000828        0x8 zephyr/libzephyr.a(getopt_common.c.obj)
                0x0000000000000828                getopt_state_get
 .text.char_out
                0x0000000000000830        0xc zephyr/libzephyr.a(printk.c.obj)
 .text.__printk_hook_install
                0x000000000000083c        0xc zephyr/libzephyr.a(printk.c.obj)
                0x000000000000083c                __printk_hook_install
 .text.vprintk  0x0000000000000848       0x1c zephyr/libzephyr.a(printk.c.obj)
                0x0000000000000848                vprintk
 .text.process_event
                0x0000000000000864      0x21c zephyr/libzephyr.a(onoff.c.obj)
 .text.extract_decimal
                0x0000000000000a80       0x2c zephyr/libzephyr.a(cbprintf_complete.c.obj)
 .text.encode_uint
                0x0000000000000aac       0x98 zephyr/libzephyr.a(cbprintf_complete.c.obj)
 .text.z_cbvprintf_impl
                0x0000000000000b44      0x748 zephyr/libzephyr.a(cbprintf_complete.c.obj)
                0x0000000000000b44                z_cbvprintf_impl
 .text.sys_reboot
                0x000000000000128c       0x28 zephyr/libzephyr.a(reboot.c.obj)
                0x000000000000128c                sys_reboot
 .text.foldcase
                0x00000000000012b4       0x18 zephyr/libzephyr.a(fnmatch.c.obj)
 .text.z_arm_platform_init
                0x00000000000012cc        0x4 zephyr/libzephyr.a(soc_nrf_common.S.obj)
                0x00000000000012cc                z_arm_platform_init
 .text.cmd_kernel_version
                0x00000000000012d0       0x2c zephyr/libzephyr.a(kernel_service.c.obj)
 .text.cmd_kernel_uptime
                0x00000000000012fc       0x2c zephyr/libzephyr.a(kernel_service.c.obj)
 .text.cmd_kernel_threads
                0x0000000000001328       0x38 zephyr/libzephyr.a(kernel_service.c.obj)
 .text.shell_tdata_dump
                0x0000000000001360       0xc8 zephyr/libzephyr.a(kernel_service.c.obj)
 .text.cmd_kernel_stacks
                0x0000000000001428       0x94 zephyr/libzephyr.a(kernel_service.c.obj)
 .text.cmd_kernel_cycles
                0x00000000000014bc       0x1c zephyr/libzephyr.a(kernel_service.c.obj)
 .text.cmd_kernel_sleep
                0x00000000000014d8       0x54 zephyr/libzephyr.a(kernel_service.c.obj)
 .text.shell_stack_dump
                0x000000000000152c       0x64 zephyr/libzephyr.a(kernel_service.c.obj)
 .text.get_device_name
                0x0000000000001590       0x20 zephyr/libzephyr.a(device_service.c.obj)
 .text.cmd_device_list_visitor
                0x00000000000015b0       0x20 zephyr/libzephyr.a(device_service.c.obj)
 .text.cmd_device_list
                0x00000000000015d0       0x98 zephyr/libzephyr.a(device_service.c.obj)
 .text.device_get_config_level
                0x0000000000001668       0x54 zephyr/libzephyr.a(device_service.c.obj)
 .text.cmd_device_levels
                0x00000000000016bc       0xb4 zephyr/libzephyr.a(device_service.c.obj)
 .text.cmd_devmem
                0x0000000000001770       0xcc zephyr/libzephyr.a(devmem_service.c.obj)
 .text.cmd_dump
                0x000000000000183c      0x188 zephyr/libzephyr.a(devmem_service.c.obj)
 .text.set_bypass.isra.0
                0x00000000000019c4       0x50 zephyr/libzephyr.a(devmem_service.c.obj)
 .text.bypass_cb
                0x0000000000001a14      0x118 zephyr/libzephyr.a(devmem_service.c.obj)
 .text.cmd_load
                0x0000000000001b2c       0xd8 zephyr/libzephyr.a(devmem_service.c.obj)
 .text.enable_shell_uart
                0x0000000000001c04       0x34 zephyr/libzephyr.a(shell_uart.c.obj)
 .text.init     0x0000000000001c38       0x58 zephyr/libzephyr.a(shell_uart.c.obj)
 .text.enable_shell_dummy
                0x0000000000001c90       0x24 zephyr/libzephyr.a(shell_dummy.c.obj)
 .text.shell_internal_help_print
                0x0000000000001cb4       0x20 zephyr/libzephyr.a(shell.c.obj)
 .text.z_cursor_next_line_move.isra.0
                0x0000000000001cd4        0xc zephyr/libzephyr.a(shell.c.obj)
 .text.history_handle
                0x0000000000001ce0       0xa8 zephyr/libzephyr.a(shell.c.obj)
 .text.state_set.constprop.0
                0x0000000000001d88       0x54 zephyr/libzephyr.a(shell.c.obj)
 .text.execute  0x0000000000001ddc      0x2cc zephyr/libzephyr.a(shell.c.obj)
 .text.shell_process
                0x00000000000020a8      0x6c0 zephyr/libzephyr.a(shell.c.obj)
                0x00000000000020a8                shell_process
 .text.shell_init
                0x0000000000002768       0xf4 zephyr/libzephyr.a(shell.c.obj)
                0x0000000000002768                shell_init
 .text.shell_start
                0x000000000000285c       0x54 zephyr/libzephyr.a(shell.c.obj)
                0x000000000000285c                shell_start
 .text.shell_thread
                0x00000000000028b0       0xa0 zephyr/libzephyr.a(shell.c.obj)
                0x00000000000028b0                shell_thread
 .text.cmd_help
                0x0000000000002950       0x4c zephyr/libzephyr.a(shell.c.obj)
 .text.shell_hexdump_line
                0x000000000000299c       0xe8 zephyr/libzephyr.a(shell.c.obj)
                0x000000000000299c                shell_hexdump_line
 .text.z_shell_fprintf_fmt
                0x0000000000002a84       0x30 zephyr/libzephyr.a(shell_fprintf.c.obj)
                0x0000000000002a84                z_shell_fprintf_fmt
 .text.z_shell_make_argv
                0x0000000000002ab4      0x1b8 zephyr/libzephyr.a(shell_utils.c.obj)
                0x0000000000002ab4                z_shell_make_argv
 .text.z_shell_cmd_get
                0x0000000000002c6c       0x74 zephyr/libzephyr.a(shell_utils.c.obj)
                0x0000000000002c6c                z_shell_cmd_get
 .text.z_shell_spaces_trim
                0x0000000000002ce0       0x6c zephyr/libzephyr.a(shell_utils.c.obj)
                0x0000000000002ce0                z_shell_spaces_trim
 .text.z_shell_cmd_trim
                0x0000000000002d4c       0x70 zephyr/libzephyr.a(shell_utils.c.obj)
                0x0000000000002d4c                z_shell_cmd_trim
 .text.z_clear_eos
                0x0000000000002dbc       0x18 zephyr/libzephyr.a(shell_ops.c.obj)
 .text.z_cursor_next_line_move.isra.0
                0x0000000000002dd4        0xc zephyr/libzephyr.a(shell_ops.c.obj)
 .text.z_shell_op_cursor_vert_move
                0x0000000000002de0       0x2c zephyr/libzephyr.a(shell_ops.c.obj)
                0x0000000000002de0                z_shell_op_cursor_vert_move
 .text.z_shell_op_cursor_horiz_move
                0x0000000000002e0c       0x2c zephyr/libzephyr.a(shell_ops.c.obj)
                0x0000000000002e0c                z_shell_op_cursor_horiz_move
 .text.z_shell_op_cursor_word_move
                0x0000000000002e38       0x78 zephyr/libzephyr.a(shell_ops.c.obj)
                0x0000000000002e38                z_shell_op_cursor_word_move
 .text.z_shell_print_cmd
                0x0000000000002eb0       0x10 zephyr/libzephyr.a(shell_ops.c.obj)
                0x0000000000002eb0                z_shell_print_cmd
 .text.z_shell_vt100_color_set
                0x0000000000002ec0       0x40 zephyr/libzephyr.a(shell_ops.c.obj)
                0x0000000000002ec0                z_shell_vt100_color_set
 .text.z_shell_vt100_colors_restore
                0x0000000000002f00       0x3c zephyr/libzephyr.a(shell_ops.c.obj)
                0x0000000000002f00                z_shell_vt100_colors_restore
 .text.z_shell_op_word_remove
                0x0000000000002f3c       0xc0 zephyr/libzephyr.a(shell_ops.c.obj)
                0x0000000000002f3c                z_shell_op_word_remove
 .text.reprint_from_cursor
                0x0000000000002ffc       0x74 zephyr/libzephyr.a(shell_ops.c.obj)
 .text.z_shell_op_char_insert
                0x0000000000003070       0x6c zephyr/libzephyr.a(shell_ops.c.obj)
                0x0000000000003070                z_shell_op_char_insert
 .text.z_shell_print_prompt_and_cmd
                0x00000000000030dc       0x30 zephyr/libzephyr.a(shell_ops.c.obj)
                0x00000000000030dc                z_shell_print_prompt_and_cmd
 .text.z_cursor_next_line_move.isra.0
                0x000000000000310c        0xc zephyr/libzephyr.a(shell_help.c.obj)
 .text.formatted_text_print.constprop.0
                0x0000000000003118       0xe4 zephyr/libzephyr.a(shell_help.c.obj)
 .text.z_shell_help_subcmd_print
                0x00000000000031fc       0xe0 zephyr/libzephyr.a(shell_help.c.obj)
                0x00000000000031fc                z_shell_help_subcmd_print
 .text.z_shell_help_cmd_print
                0x00000000000032dc       0x48 zephyr/libzephyr.a(shell_help.c.obj)
                0x00000000000032dc                z_shell_help_cmd_print
 .text.z_shell_help_request
                0x0000000000003324       0x28 zephyr/libzephyr.a(shell_help.c.obj)
                0x0000000000003324                z_shell_help_request
 .text.cmd_resize_default
                0x000000000000334c       0x2c zephyr/libzephyr.a(shell_cmds.c.obj)
 .text.cmd_shell_stats_show
                0x0000000000003378       0x18 zephyr/libzephyr.a(shell_cmds.c.obj)
 .text.cmd_backends
                0x0000000000003390       0x50 zephyr/libzephyr.a(shell_cmds.c.obj)
 .text.cmd_history
                0x00000000000033e0       0x44 zephyr/libzephyr.a(shell_cmds.c.obj)
 .text.cmd_echo
                0x0000000000003424       0x58 zephyr/libzephyr.a(shell_cmds.c.obj)
 .text.cmd_clear
                0x000000000000347c       0x34 zephyr/libzephyr.a(shell_cmds.c.obj)
 .text.cmd_resize
                0x00000000000034b0      0x1a8 zephyr/libzephyr.a(shell_cmds.c.obj)
 .text.z_shell_wildcard_process
                0x0000000000003658       0xe4 zephyr/libzephyr.a(shell_wildcard.c.obj)
                0x0000000000003658                z_shell_wildcard_process
 .text.pm_state_notify
                0x000000000000373c       0x5c zephyr/libzephyr.a(pm.c.obj)
 .text.pm_system_resume
                0x0000000000003798       0x78 zephyr/libzephyr.a(pm.c.obj)
                0x0000000000003798                pm_system_resume
 .text.pm_system_suspend
                0x0000000000003810       0xf8 zephyr/libzephyr.a(pm.c.obj)
                0x0000000000003810                pm_system_suspend
 .text.pm_policy_next_state
                0x0000000000003908       0x94 zephyr/libzephyr.a(policy.c.obj)
                0x0000000000003908                pm_policy_next_state
 .text.pm_state_cpu_get_all
                0x000000000000399c       0x10 zephyr/libzephyr.a(state.c.obj)
                0x000000000000399c                pm_state_cpu_get_all
 .text.nrf_cc3xx_platform_abort_init
                0x00000000000039ac        0xc zephyr/libzephyr.a(nrf_cc3xx_platform_abort_zephyr.c.obj)
                0x00000000000039ac                nrf_cc3xx_platform_abort_init
 .text.mutex_free_platform
                0x00000000000039b8       0x54 zephyr/libzephyr.a(nrf_cc3xx_platform_mutex_zephyr.c.obj)
 .text.mutex_lock_platform
                0x0000000000003a0c       0x60 zephyr/libzephyr.a(nrf_cc3xx_platform_mutex_zephyr.c.obj)
 .text.mutex_unlock_platform
                0x0000000000003a6c       0x58 zephyr/libzephyr.a(nrf_cc3xx_platform_mutex_zephyr.c.obj)
 .text.mutex_init_platform
                0x0000000000003ac4       0x94 zephyr/libzephyr.a(nrf_cc3xx_platform_mutex_zephyr.c.obj)
 .text.nrf_cc3xx_platform_mutex_init
                0x0000000000003b58       0x2c zephyr/libzephyr.a(nrf_cc3xx_platform_mutex_zephyr.c.obj)
                0x0000000000003b58                nrf_cc3xx_platform_mutex_init
 .text.z_arm_cpu_idle_init
                0x0000000000003b84        0xc zephyr/arch/arch/arm/core/aarch32/libarch__arm__core__aarch32.a(cpu_idle.S.obj)
                0x0000000000003b84                z_arm_cpu_idle_init
 .text.arch_cpu_idle
                0x0000000000003b90       0x1c zephyr/arch/arch/arm/core/aarch32/libarch__arm__core__aarch32.a(cpu_idle.S.obj)
                0x0000000000003b90                arch_cpu_idle
 .text.arch_cpu_atomic_idle
                0x0000000000003bac       0x18 zephyr/arch/arch/arm/core/aarch32/libarch__arm__core__aarch32.a(cpu_idle.S.obj)
                0x0000000000003bac                arch_cpu_atomic_idle
 .text.arch_irq_enable
                0x0000000000003bc4       0x1c zephyr/arch/arch/arm/core/aarch32/libarch__arm__core__aarch32.a(irq_manage.c.obj)
                0x0000000000003bc4                arch_irq_enable
 .text.arch_irq_is_enabled
                0x0000000000003be0       0x1c zephyr/arch/arch/arm/core/aarch32/libarch__arm__core__aarch32.a(irq_manage.c.obj)
                0x0000000000003be0                arch_irq_is_enabled
 .text.z_arm_irq_priority_set
                0x0000000000003bfc       0x30 zephyr/arch/arch/arm/core/aarch32/libarch__arm__core__aarch32.a(irq_manage.c.obj)
                0x0000000000003bfc                z_arm_irq_priority_set
 .text.z_SysNmiOnReset
                0x0000000000003c2c        0x8 zephyr/arch/arch/arm/core/aarch32/libarch__arm__core__aarch32.a(nmi_on_reset.S.obj)
                0x0000000000003c2c                z_SysNmiOnReset
 .text.z_arm_prep_c
                0x0000000000003c34       0x38 zephyr/arch/arch/arm/core/aarch32/libarch__arm__core__aarch32.a(prep_c.c.obj)
                0x0000000000003c34                z_arm_prep_c
 .text.arch_swap
                0x0000000000003c6c       0x38 zephyr/arch/arch/arm/core/aarch32/libarch__arm__core__aarch32.a(swap.c.obj)
                0x0000000000003c6c                arch_swap
 .text.z_arm_pendsv
                0x0000000000003ca4       0x58 zephyr/arch/arch/arm/core/aarch32/libarch__arm__core__aarch32.a(swap_helper.S.obj)
                0x0000000000003ca4                z_arm_pendsv
 .text.z_arm_svc
                0x0000000000003cfc       0x20 zephyr/arch/arch/arm/core/aarch32/libarch__arm__core__aarch32.a(swap_helper.S.obj)
                0x0000000000003cfc                z_arm_svc
 .text.arch_new_thread
                0x0000000000003d1c       0x38 zephyr/arch/arch/arm/core/aarch32/libarch__arm__core__aarch32.a(thread.c.obj)
                0x0000000000003d1c                arch_new_thread
 .text.z_check_thread_stack_fail
                0x0000000000003d54       0x30 zephyr/arch/arch/arm/core/aarch32/libarch__arm__core__aarch32.a(thread.c.obj)
                0x0000000000003d54                z_check_thread_stack_fail
 .text.arch_switch_to_main_thread
                0x0000000000003d84       0x2c zephyr/arch/arch/arm/core/aarch32/libarch__arm__core__aarch32.a(thread.c.obj)
                0x0000000000003d84                arch_switch_to_main_thread
 .text._isr_wrapper
                0x0000000000003db0       0x40 zephyr/arch/arch/arm/core/aarch32/libarch__arm__core__aarch32.a(isr_wrapper.S.obj)
                0x0000000000003db0                _isr_wrapper
 .text._HandlerModeExit
                0x0000000000003df0       0x1c zephyr/arch/arch/arm/core/aarch32/cortex_m/libarch__arm__core__aarch32__cortex_m.a(exc_exit.S.obj)
                0x0000000000003df0                z_arm_exc_exit
                0x0000000000003df0                z_arm_int_exit
 .text.mem_manage_fault
                0x0000000000003e0c       0x7c zephyr/arch/arch/arm/core/aarch32/cortex_m/libarch__arm__core__aarch32__cortex_m.a(fault.c.obj)
 .text.bus_fault.constprop.0
                0x0000000000003e88       0x3c zephyr/arch/arch/arm/core/aarch32/cortex_m/libarch__arm__core__aarch32__cortex_m.a(fault.c.obj)
 .text.z_arm_fault
                0x0000000000003ec4      0x13c zephyr/arch/arch/arm/core/aarch32/cortex_m/libarch__arm__core__aarch32__cortex_m.a(fault.c.obj)
                0x0000000000003ec4                z_arm_fault
 .text.z_arm_fault_init
                0x0000000000004000       0x10 zephyr/arch/arch/arm/core/aarch32/cortex_m/libarch__arm__core__aarch32__cortex_m.a(fault.c.obj)
                0x0000000000004000                z_arm_fault_init
 .text.__fault  0x0000000000004010       0x14 zephyr/arch/arch/arm/core/aarch32/cortex_m/libarch__arm__core__aarch32__cortex_m.a(fault_s.S.obj)
                0x0000000000004010                z_arm_bus_fault
                0x0000000000004010                z_arm_usage_fault
                0x0000000000004010                z_arm_mpu_fault
                0x0000000000004010                z_arm_exc_spurious
                0x0000000000004010                z_arm_debug_monitor
                0x0000000000004010                z_arm_hard_fault
 .text.z_arm_interrupt_init
                0x0000000000004024       0x18 zephyr/arch/arch/arm/core/aarch32/cortex_m/libarch__arm__core__aarch32__cortex_m.a(irq_init.c.obj)
                0x0000000000004024                z_arm_interrupt_init
 .text._reset_section
                0x000000000000403c       0x64 zephyr/arch/arch/arm/core/aarch32/cortex_m/libarch__arm__core__aarch32__cortex_m.a(reset.S.obj)
                0x000000000000403c                z_arm_reset
                0x000000000000403c                __start
 .text.z_arm_clear_arm_mpu_config
                0x00000000000040a0       0x24 zephyr/arch/arch/arm/core/aarch32/cortex_m/libarch__arm__core__aarch32__cortex_m.a(scb.c.obj)
                0x00000000000040a0                z_arm_clear_arm_mpu_config
 .text.z_arm_init_arch_hw_at_boot
                0x00000000000040c4       0x64 zephyr/arch/arch/arm/core/aarch32/cortex_m/libarch__arm__core__aarch32__cortex_m.a(scb.c.obj)
                0x00000000000040c4                z_arm_init_arch_hw_at_boot
 .text.z_impl_k_thread_abort
                0x0000000000004128       0x2c zephyr/arch/arch/arm/core/aarch32/cortex_m/libarch__arm__core__aarch32__cortex_m.a(thread_abort.c.obj)
                0x0000000000004128                z_impl_k_thread_abort
 .text.z_arm_configure_static_mpu_regions
                0x0000000000004154       0x18 zephyr/arch/arch/arm/core/aarch32/mpu/libarch__arm__core__aarch32__mpu.a(arm_core_mpu.c.obj)
                0x0000000000004154                z_arm_configure_static_mpu_regions
 .text.z_arm_configure_dynamic_mpu_regions
                0x000000000000416c       0x24 zephyr/arch/arch/arm/core/aarch32/mpu/libarch__arm__core__aarch32__mpu.a(arm_core_mpu.c.obj)
                0x000000000000416c                z_arm_configure_dynamic_mpu_regions
 .text.mpu_configure_regions
                0x0000000000004190       0x88 zephyr/arch/arch/arm/core/aarch32/mpu/libarch__arm__core__aarch32__mpu.a(arm_mpu.c.obj)
 .text.arm_core_mpu_enable
                0x0000000000004218       0x18 zephyr/arch/arch/arm/core/aarch32/mpu/libarch__arm__core__aarch32__mpu.a(arm_mpu.c.obj)
                0x0000000000004218                arm_core_mpu_enable
 .text.arm_core_mpu_disable
                0x0000000000004230       0x14 zephyr/arch/arch/arm/core/aarch32/mpu/libarch__arm__core__aarch32__mpu.a(arm_mpu.c.obj)
                0x0000000000004230                arm_core_mpu_disable
 .text.arm_core_mpu_configure_static_mpu_regions
                0x0000000000004244       0x14 zephyr/arch/arch/arm/core/aarch32/mpu/libarch__arm__core__aarch32__mpu.a(arm_mpu.c.obj)
                0x0000000000004244                arm_core_mpu_configure_static_mpu_regions
 .text.arm_core_mpu_configure_dynamic_mpu_regions
                0x0000000000004258       0x30 zephyr/arch/arch/arm/core/aarch32/mpu/libarch__arm__core__aarch32__mpu.a(arm_mpu.c.obj)
                0x0000000000004258                arm_core_mpu_configure_dynamic_mpu_regions
 .text.z_arm_mpu_init
                0x0000000000004288       0x60 zephyr/arch/arch/arm/core/aarch32/mpu/libarch__arm__core__aarch32__mpu.a(arm_mpu.c.obj)
                0x0000000000004288                z_arm_mpu_init
 .text.__stdout_hook_install
                0x00000000000042e8        0xc zephyr/lib/libc/newlib/liblib__libc__newlib.a(libc-hooks.c.obj)
                0x00000000000042e8                __stdout_hook_install
 .text.z_impl_zephyr_read_stdin
                0x00000000000042f4       0x28 zephyr/lib/libc/newlib/liblib__libc__newlib.a(libc-hooks.c.obj)
                0x00000000000042f4                z_impl_zephyr_read_stdin
 .text.z_impl_zephyr_write_stdout
                0x000000000000431c       0x30 zephyr/lib/libc/newlib/liblib__libc__newlib.a(libc-hooks.c.obj)
                0x000000000000431c                z_impl_zephyr_write_stdout
 .text._sbrk    0x000000000000434c       0x28 zephyr/lib/libc/newlib/liblib__libc__newlib.a(libc-hooks.c.obj)
                0x000000000000434c                _sbrk
                0x000000000000434c                sbrk
 .text.__chk_fail
                0x0000000000004374       0x1c zephyr/lib/libc/newlib/liblib__libc__newlib.a(libc-hooks.c.obj)
                0x0000000000004374                __chk_fail
 .text.nordicsemi_nrf52_init
                0x0000000000004390       0x60 zephyr/soc/arm/nordic_nrf/nrf52/libsoc__arm__nordic_nrf__nrf52.a(soc.c.obj)
 .text.sys_arch_reboot
                0x00000000000043f0       0x2c zephyr/soc/arm/nordic_nrf/nrf52/libsoc__arm__nordic_nrf__nrf52.a(soc.c.obj)
                0x00000000000043f0                sys_arch_reboot
 .text.arch_busy_wait
                0x000000000000441c       0x14 zephyr/soc/arm/nordic_nrf/nrf52/libsoc__arm__nordic_nrf__nrf52.a(soc.c.obj)
                0x000000000000441c                arch_busy_wait
 .text.onoff_stop
                0x0000000000004430       0x30 zephyr/drivers/clock_control/libdrivers__clock_control.a(clock_control_nrf.c.obj)
 .text.onoff_start
                0x0000000000004460       0x44 zephyr/drivers/clock_control/libdrivers__clock_control.a(clock_control_nrf.c.obj)
 .text.hfclk_start
                0x00000000000044a4       0x30 zephyr/drivers/clock_control/libdrivers__clock_control.a(clock_control_nrf.c.obj)
 .text.clk_init
                0x00000000000044d4       0x58 zephyr/drivers/clock_control/libdrivers__clock_control.a(clock_control_nrf.c.obj)
 .text.clkstarted_handle.constprop.0
                0x000000000000452c       0x34 zephyr/drivers/clock_control/libdrivers__clock_control.a(clock_control_nrf.c.obj)
 .text.clock_event_handler
                0x0000000000004560       0x1c zephyr/drivers/clock_control/libdrivers__clock_control.a(clock_control_nrf.c.obj)
 .text.generic_hfclk_start
                0x000000000000457c       0x60 zephyr/drivers/clock_control/libdrivers__clock_control.a(clock_control_nrf.c.obj)
 .text.api_blocking_start
                0x00000000000045dc       0x3c zephyr/drivers/clock_control/libdrivers__clock_control.a(clock_control_nrf.c.obj)
 .text.cmd_status
                0x0000000000004618       0xf8 zephyr/drivers/clock_control/libdrivers__clock_control.a(clock_control_nrf.c.obj)
 .text.hfclk_stop
                0x0000000000004710       0x30 zephyr/drivers/clock_control/libdrivers__clock_control.a(clock_control_nrf.c.obj)
 .text.generic_hfclk_stop
                0x0000000000004740       0x34 zephyr/drivers/clock_control/libdrivers__clock_control.a(clock_control_nrf.c.obj)
 .text.z_nrf_clock_control_lf_on
                0x0000000000004774       0xfc zephyr/drivers/clock_control/libdrivers__clock_control.a(clock_control_nrf.c.obj)
                0x0000000000004774                z_nrf_clock_control_lf_on
 .text.uart_console_init
                0x0000000000004870       0x28 zephyr/drivers/console/libdrivers__console.a(uart_console.c.obj)
 .text.console_out
                0x0000000000004898       0x28 zephyr/drivers/console/libdrivers__console.a(uart_console.c.obj)
 .text.gpio_nrfx_pin_interrupt_configure
                0x00000000000048c0       0xd4 zephyr/drivers/gpio/libdrivers__gpio.a(gpio_nrfx.c.obj)
 .text.gpio_nrfx_init
                0x0000000000004994       0x38 zephyr/drivers/gpio/libdrivers__gpio.a(gpio_nrfx.c.obj)
 .text.nrfx_gpio_handler
                0x00000000000049cc       0x4c zephyr/drivers/gpio/libdrivers__gpio.a(gpio_nrfx.c.obj)
 .text.gpio_nrfx_pin_configure
                0x0000000000004a18      0x128 zephyr/drivers/gpio/libdrivers__gpio.a(gpio_nrfx.c.obj)
 .text.uarte_nrfx_configure
                0x0000000000004b40      0x168 zephyr/drivers/serial/libdrivers__serial.a(uart_nrfx_uarte.c.obj)
 .text.uarte_instance_init.constprop.0
                0x0000000000004ca8       0xe4 zephyr/drivers/serial/libdrivers__serial.a(uart_nrfx_uarte.c.obj)
 .text.uarte_nrfx_poll_out
                0x0000000000004d8c       0x98 zephyr/drivers/serial/libdrivers__serial.a(uart_nrfx_uarte.c.obj)
 .text.compare_int_lock
                0x0000000000004e24       0x48 zephyr/drivers/timer/libdrivers__timer.a(nrf_rtc_timer.c.obj)
 .text.sys_clock_timeout_handler
                0x0000000000004e6c       0x74 zephyr/drivers/timer/libdrivers__timer.a(nrf_rtc_timer.c.obj)
 .text.compare_int_unlock
                0x0000000000004ee0       0x5c zephyr/drivers/timer/libdrivers__timer.a(nrf_rtc_timer.c.obj)
 .text.z_nrf_rtc_timer_read
                0x0000000000004f3c       0x44 zephyr/drivers/timer/libdrivers__timer.a(nrf_rtc_timer.c.obj)
                0x0000000000004f3c                z_nrf_rtc_timer_read
 .text.compare_set
                0x0000000000004f80      0x11c zephyr/drivers/timer/libdrivers__timer.a(nrf_rtc_timer.c.obj)
 .text.sys_clock_driver_init
                0x000000000000509c       0xb4 zephyr/drivers/timer/libdrivers__timer.a(nrf_rtc_timer.c.obj)
 .text.rtc_nrf_isr
                0x0000000000005150       0xd4 zephyr/drivers/timer/libdrivers__timer.a(nrf_rtc_timer.c.obj)
                0x0000000000005150                rtc_nrf_isr
 .text.sys_clock_set_timeout
                0x0000000000005224      0x184 zephyr/drivers/timer/libdrivers__timer.a(nrf_rtc_timer.c.obj)
                0x0000000000005224                sys_clock_set_timeout
 .text.sys_clock_elapsed
                0x00000000000053a8       0x34 zephyr/drivers/timer/libdrivers__timer.a(nrf_rtc_timer.c.obj)
                0x00000000000053a8                sys_clock_elapsed
 .text.pinctrl_configure_pins
                0x00000000000053dc      0x174 zephyr/drivers/pinctrl/libdrivers__pinctrl.a(pinctrl_nrf.c.obj)
                0x00000000000053dc                pinctrl_configure_pins
 .text.nrf52_errata_98
                0x0000000000005550       0x24 modules/hal_nordic/nrfx/libmodules__hal_nordic__nrfx.a(system_nrf52840.c.obj)
 .text.nvmc_wait
                0x0000000000005574       0x10 modules/hal_nordic/nrfx/libmodules__hal_nordic__nrfx.a(system_nrf52840.c.obj)
                0x0000000000005574                nvmc_wait
 .text.SystemInit
                0x0000000000005584      0x1c8 modules/hal_nordic/nrfx/libmodules__hal_nordic__nrfx.a(system_nrf52840.c.obj)
                0x0000000000005584                SystemInit
 .text.nrfx_flag32_alloc
                0x000000000000574c       0x40 modules/hal_nordic/nrfx/libmodules__hal_nordic__nrfx.a(nrfx_flag32_allocator.c.obj)
                0x000000000000574c                nrfx_flag32_alloc
 .text.nrfx_flag32_free
                0x000000000000578c       0x40 modules/hal_nordic/nrfx/libmodules__hal_nordic__nrfx.a(nrfx_flag32_allocator.c.obj)
                0x000000000000578c                nrfx_flag32_free
 .text.clock_stop
                0x00000000000057cc       0xc8 modules/hal_nordic/nrfx/libmodules__hal_nordic__nrfx.a(nrfx_clock.c.obj)
 .text.nrfx_clock_init
                0x0000000000005894       0x20 modules/hal_nordic/nrfx/libmodules__hal_nordic__nrfx.a(nrfx_clock.c.obj)
                0x0000000000005894                nrfx_clock_init
 .text.nrfx_power_clock_irq_handler
                0x00000000000058b4       0x68 modules/hal_nordic/nrfx/libmodules__hal_nordic__nrfx.a(nrfx_clock.c.obj)
                0x00000000000058b4                nrfx_power_clock_irq_handler
 .text.nrf_gpio_pin_port_decode
                0x000000000000591c       0x1c modules/hal_nordic/nrfx/libmodules__hal_nordic__nrfx.a(nrfx_gpiote.c.obj)
 .text.pin_in_use_by_te
                0x0000000000005938       0x14 modules/hal_nordic/nrfx/libmodules__hal_nordic__nrfx.a(nrfx_gpiote.c.obj)
 .text.call_handler
                0x000000000000594c       0x3c modules/hal_nordic/nrfx/libmodules__hal_nordic__nrfx.a(nrfx_gpiote.c.obj)
 .text.release_handler
                0x0000000000005988       0x54 modules/hal_nordic/nrfx/libmodules__hal_nordic__nrfx.a(nrfx_gpiote.c.obj)
 .text.pin_handler_trigger_uninit
                0x00000000000059dc       0x38 modules/hal_nordic/nrfx/libmodules__hal_nordic__nrfx.a(nrfx_gpiote.c.obj)
 .text.nrfx_gpiote_input_configure
                0x0000000000005a14      0x15c modules/hal_nordic/nrfx/libmodules__hal_nordic__nrfx.a(nrfx_gpiote.c.obj)
                0x0000000000005a14                nrfx_gpiote_input_configure
 .text.nrfx_gpiote_output_configure
                0x0000000000005b70       0xe4 modules/hal_nordic/nrfx/libmodules__hal_nordic__nrfx.a(nrfx_gpiote.c.obj)
                0x0000000000005b70                nrfx_gpiote_output_configure
 .text.nrfx_gpiote_global_callback_set
                0x0000000000005c54        0xc modules/hal_nordic/nrfx/libmodules__hal_nordic__nrfx.a(nrfx_gpiote.c.obj)
                0x0000000000005c54                nrfx_gpiote_global_callback_set
 .text.nrfx_gpiote_channel_get
                0x0000000000005c60       0x2c modules/hal_nordic/nrfx/libmodules__hal_nordic__nrfx.a(nrfx_gpiote.c.obj)
                0x0000000000005c60                nrfx_gpiote_channel_get
 .text.nrfx_gpiote_init
                0x0000000000005c8c       0x50 modules/hal_nordic/nrfx/libmodules__hal_nordic__nrfx.a(nrfx_gpiote.c.obj)
                0x0000000000005c8c                nrfx_gpiote_init
 .text.nrfx_gpiote_is_init
                0x0000000000005cdc       0x14 modules/hal_nordic/nrfx/libmodules__hal_nordic__nrfx.a(nrfx_gpiote.c.obj)
                0x0000000000005cdc                nrfx_gpiote_is_init
 .text.nrfx_gpiote_channel_free
                0x0000000000005cf0        0xc modules/hal_nordic/nrfx/libmodules__hal_nordic__nrfx.a(nrfx_gpiote.c.obj)
                0x0000000000005cf0                nrfx_gpiote_channel_free
 .text.nrfx_gpiote_channel_alloc
                0x0000000000005cfc        0xc modules/hal_nordic/nrfx/libmodules__hal_nordic__nrfx.a(nrfx_gpiote.c.obj)
                0x0000000000005cfc                nrfx_gpiote_channel_alloc
 .text.nrfx_gpiote_trigger_enable
                0x0000000000005d08       0x90 modules/hal_nordic/nrfx/libmodules__hal_nordic__nrfx.a(nrfx_gpiote.c.obj)
                0x0000000000005d08                nrfx_gpiote_trigger_enable
 .text.nrfx_gpiote_trigger_disable
                0x0000000000005d98       0x50 modules/hal_nordic/nrfx/libmodules__hal_nordic__nrfx.a(nrfx_gpiote.c.obj)
                0x0000000000005d98                nrfx_gpiote_trigger_disable
 .text.nrfx_gpiote_pin_uninit
                0x0000000000005de8       0x48 modules/hal_nordic/nrfx/libmodules__hal_nordic__nrfx.a(nrfx_gpiote.c.obj)
                0x0000000000005de8                nrfx_gpiote_pin_uninit
 .text.nrfx_gpiote_irq_handler
                0x0000000000005e30      0x1bc modules/hal_nordic/nrfx/libmodules__hal_nordic__nrfx.a(nrfx_gpiote.c.obj)
                0x0000000000005e30                nrfx_gpiote_irq_handler
 .text.nrfx_ppi_channel_alloc
                0x0000000000005fec        0xc modules/hal_nordic/nrfx/libmodules__hal_nordic__nrfx.a(nrfx_ppi.c.obj)
                0x0000000000005fec                nrfx_ppi_channel_alloc
 .text._DoInit  0x0000000000005ff8       0x6c modules/segger/libmodules__segger.a(SEGGER_RTT.c.obj)
 .text.device_visitor
                0x0000000000006064       0x5c zephyr/kernel/libkernel.a(device.c.obj)
 .text.z_device_get_all_static
                0x00000000000060c0       0x1c zephyr/kernel/libkernel.a(device.c.obj)
                0x00000000000060c0                z_device_get_all_static
 .text.z_impl_z_errno
                0x00000000000060dc        0xc zephyr/kernel/libkernel.a(errno.c.obj)
                0x00000000000060dc                z_impl_z_errno
 .text.z_sys_init_run_level
                0x00000000000060e8       0x44 zephyr/kernel/libkernel.a(init.c.obj)
 .text.bg_thread_main
                0x000000000000612c       0x34 zephyr/kernel/libkernel.a(init.c.obj)
 .text.z_bss_zero
                0x0000000000006160       0x18 zephyr/kernel/libkernel.a(init.c.obj)
                0x0000000000006160                z_bss_zero
 .text.z_init_cpu
                0x0000000000006178       0x78 zephyr/kernel/libkernel.a(init.c.obj)
                0x0000000000006178                z_init_cpu
 .text.z_cstart
                0x00000000000061f0       0xe0 zephyr/kernel/libkernel.a(init.c.obj)
                0x00000000000061f0                z_cstart
 .text.init_mem_slab_module
                0x00000000000062d0       0x24 zephyr/kernel/libkernel.a(mem_slab.c.obj)
 .text.k_mem_slab_alloc
                0x00000000000062f4       0x5c zephyr/kernel/libkernel.a(mem_slab.c.obj)
                0x00000000000062f4                k_mem_slab_alloc
 .text.k_thread_foreach
                0x0000000000006350       0x34 zephyr/kernel/libkernel.a(thread.c.obj)
                0x0000000000006350                k_thread_foreach
 .text.z_thread_monitor_exit
                0x0000000000006384       0x3c zephyr/kernel/libkernel.a(thread.c.obj)
                0x0000000000006384                z_thread_monitor_exit
 .text.z_impl_k_thread_name_set
                0x00000000000063c0       0x20 zephyr/kernel/libkernel.a(thread.c.obj)
                0x00000000000063c0                z_impl_k_thread_name_set
 .text.k_thread_state_str
                0x00000000000063e0       0x9c zephyr/kernel/libkernel.a(thread.c.obj)
                0x00000000000063e0                k_thread_state_str
 .text.z_setup_new_thread
                0x000000000000647c       0xcc zephyr/kernel/libkernel.a(thread.c.obj)
                0x000000000000647c                z_setup_new_thread
 .text.z_impl_k_thread_create
                0x0000000000006548       0x58 zephyr/kernel/libkernel.a(thread.c.obj)
                0x0000000000006548                z_impl_k_thread_create
 .text.z_init_static_threads
                0x00000000000065a0       0xb8 zephyr/kernel/libkernel.a(thread.c.obj)
                0x00000000000065a0                z_init_static_threads
 .text.sys_kernel_version_get
                0x0000000000006658        0x8 zephyr/kernel/libkernel.a(version.c.obj)
                0x0000000000006658                sys_kernel_version_get
 .text.idle     0x0000000000006660       0x38 zephyr/kernel/libkernel.a(idle.c.obj)
                0x0000000000006660                idle
 .text.z_impl_k_mutex_lock
                0x0000000000006698       0xf4 zephyr/kernel/libkernel.a(mutex.c.obj)
                0x0000000000006698                z_impl_k_mutex_lock
 .text.z_impl_k_mutex_unlock
                0x000000000000678c       0x7c zephyr/kernel/libkernel.a(mutex.c.obj)
                0x000000000000678c                z_impl_k_mutex_unlock
 .text.z_impl_k_sem_give
                0x0000000000006808       0x4c zephyr/kernel/libkernel.a(sem.c.obj)
                0x0000000000006808                z_impl_k_sem_give
 .text.z_impl_k_sem_take
                0x0000000000006854       0x50 zephyr/kernel/libkernel.a(sem.c.obj)
                0x0000000000006854                z_impl_k_sem_take
 .text.z_reset_time_slice
                0x00000000000068a4       0x28 zephyr/kernel/libkernel.a(sched.c.obj)
                0x00000000000068a4                z_reset_time_slice
 .text.update_cache
                0x00000000000068cc       0x3c zephyr/kernel/libkernel.a(sched.c.obj)
 .text.move_thread_to_end_of_prio_q
                0x0000000000006908       0x74 zephyr/kernel/libkernel.a(sched.c.obj)
 .text.ready_thread
                0x000000000000697c       0x68 zephyr/kernel/libkernel.a(sched.c.obj)
 .text.unready_thread
                0x00000000000069e4       0x30 zephyr/kernel/libkernel.a(sched.c.obj)
 .text.pend_locked
                0x0000000000006a14       0x30 zephyr/kernel/libkernel.a(sched.c.obj)
 .text.k_sched_time_slice_set
                0x0000000000006a44       0x64 zephyr/kernel/libkernel.a(sched.c.obj)
                0x0000000000006a44                k_sched_time_slice_set
 .text.z_time_slice
                0x0000000000006aa8       0x84 zephyr/kernel/libkernel.a(sched.c.obj)
                0x0000000000006aa8                z_time_slice
 .text.z_pend_curr
                0x0000000000006b2c       0x3c zephyr/kernel/libkernel.a(sched.c.obj)
                0x0000000000006b2c                z_pend_curr
 .text.z_set_prio
                0x0000000000006b68       0x8c zephyr/kernel/libkernel.a(sched.c.obj)
                0x0000000000006b68                z_set_prio
 .text.z_reschedule
                0x0000000000006bf4       0x24 zephyr/kernel/libkernel.a(sched.c.obj)
                0x0000000000006bf4                z_reschedule
 .text.z_sched_start
                0x0000000000006c18       0x3c zephyr/kernel/libkernel.a(sched.c.obj)
                0x0000000000006c18                z_sched_start
 .text.z_impl_k_thread_suspend
                0x0000000000006c54       0x64 zephyr/kernel/libkernel.a(sched.c.obj)
                0x0000000000006c54                z_impl_k_thread_suspend
 .text.k_sched_lock
                0x0000000000006cb8       0x28 zephyr/kernel/libkernel.a(sched.c.obj)
                0x0000000000006cb8                k_sched_lock
 .text.k_sched_unlock
                0x0000000000006ce0       0x38 zephyr/kernel/libkernel.a(sched.c.obj)
                0x0000000000006ce0                k_sched_unlock
 .text.z_sched_init
                0x0000000000006d18       0x18 zephyr/kernel/libkernel.a(sched.c.obj)
                0x0000000000006d18                z_sched_init
 .text.z_impl_k_yield
                0x0000000000006d30       0x7c zephyr/kernel/libkernel.a(sched.c.obj)
                0x0000000000006d30                z_impl_k_yield
 .text.z_tick_sleep
                0x0000000000006dac       0x88 zephyr/kernel/libkernel.a(sched.c.obj)
 .text.z_impl_k_sleep
                0x0000000000006e34       0x34 zephyr/kernel/libkernel.a(sched.c.obj)
                0x0000000000006e34                z_impl_k_sleep
 .text.z_impl_z_current_get
                0x0000000000006e68        0xc zephyr/kernel/libkernel.a(sched.c.obj)
                0x0000000000006e68                z_impl_z_current_get
 .text.z_thread_abort
                0x0000000000006e74       0xc8 zephyr/kernel/libkernel.a(sched.c.obj)
                0x0000000000006e74                z_thread_abort
 .text.z_sched_wait
                0x0000000000006f3c       0x24 zephyr/kernel/libkernel.a(sched.c.obj)
                0x0000000000006f3c                z_sched_wait
 .text.z_data_copy
                0x0000000000006f60       0x34 zephyr/kernel/libkernel.a(xip.c.obj)
                0x0000000000006f60                z_data_copy
 .text.elapsed  0x0000000000006f94       0x14 zephyr/kernel/libkernel.a(timeout.c.obj)
 .text.next_timeout
                0x0000000000006fa8       0x50 zephyr/kernel/libkernel.a(timeout.c.obj)
 .text.remove_timeout
                0x0000000000006ff8       0x38 zephyr/kernel/libkernel.a(timeout.c.obj)
 .text.z_add_timeout
                0x0000000000007030       0xfc zephyr/kernel/libkernel.a(timeout.c.obj)
                0x0000000000007030                z_add_timeout
 .text.sys_clock_announce
                0x000000000000712c       0xb4 zephyr/kernel/libkernel.a(timeout.c.obj)
                0x000000000000712c                sys_clock_announce
 .text.sys_clock_tick_get
                0x00000000000071e0       0x34 zephyr/kernel/libkernel.a(timeout.c.obj)
                0x00000000000071e0                sys_clock_tick_get
 .text.z_impl_k_poll
                0x0000000000007214       0xb8 zephyr/kernel/libkernel.a(poll.c.obj)
                0x0000000000007214                z_impl_k_poll
 .text.z_impl_k_poll_signal_raise
                0x00000000000072cc       0x50 zephyr/kernel/libkernel.a(poll.c.obj)
                0x00000000000072cc                z_impl_k_poll_signal_raise
 .text.k_thread_system_pool_assign
                0x000000000000731c        0xc zephyr/kernel/libkernel.a(mempool.c.obj)
                0x000000000000731c                k_thread_system_pool_assign
 .text.boot_banner
                0x0000000000007328        0xc zephyr/kernel/libkernel.a(banner.c.obj)
                0x0000000000007328                boot_banner
 .text.statics_init
                0x0000000000007334       0x24 zephyr/kernel/libkernel.a(kheap.c.obj)
 .text.k_sys_work_q_init
                0x0000000000007358       0x34 zephyr/kernel/libkernel.a(system_work_q.c.obj)
 .text.work_queue_main
                0x000000000000738c      0x138 zephyr/kernel/libkernel.a(work.c.obj)
 .text.submit_to_queue_locked
                0x00000000000074c4       0xb4 zephyr/kernel/libkernel.a(work.c.obj)
 .text.k_work_queue_start
                0x0000000000007578       0x70 zephyr/kernel/libkernel.a(work.c.obj)
                0x0000000000007578                k_work_queue_start
 .text.malloc   0x00000000000075e8       0x10 /home/mohsen/ncs/toolchains/v2.3.0/opt/zephyr-sdk/arm-zephyr-eabi/arm-zephyr-eabi/lib/thumb/v7e-m/nofp/libc_nano.a(lib_a-malloc.o)
                0x00000000000075e8                malloc
 .text._free_r  0x00000000000075f8       0x94 /home/mohsen/ncs/toolchains/v2.3.0/opt/zephyr-sdk/arm-zephyr-eabi/arm-zephyr-eabi/lib/thumb/v7e-m/nofp/libc_nano.a(lib_a-nano-freer.o)
                0x00000000000075f8                _free_r
 .text._malloc_r
                0x000000000000768c       0xb4 /home/mohsen/ncs/toolchains/v2.3.0/opt/zephyr-sdk/arm-zephyr-eabi/arm-zephyr-eabi/lib/thumb/v7e-m/nofp/libc_nano.a(lib_a-nano-mallocr.o)
                0x000000000000768c                _malloc_r
 .text.printf   0x0000000000007740       0x30 /home/mohsen/ncs/toolchains/v2.3.0/opt/zephyr-sdk/arm-zephyr-eabi/arm-zephyr-eabi/lib/thumb/v7e-m/nofp/libc_nano.a(lib_a-printf.o)
                0x0000000000007740                printf
                0x0000000000007740                iprintf
 .text._sbrk_r  0x0000000000007770       0x20 /home/mohsen/ncs/toolchains/v2.3.0/opt/zephyr-sdk/arm-zephyr-eabi/arm-zephyr-eabi/lib/thumb/v7e-m/nofp/libc_nano.a(lib_a-sbrkr.o)
                0x0000000000007770                _sbrk_r
 .text.snprintf
                0x0000000000007790       0x68 /home/mohsen/ncs/toolchains/v2.3.0/opt/zephyr-sdk/arm-zephyr-eabi/arm-zephyr-eabi/lib/thumb/v7e-m/nofp/libc_nano.a(lib_a-snprintf.o)
                0x0000000000007790                snprintf
                0x0000000000007790                sniprintf
 .text._strtol_l.constprop.0
                0x00000000000077f8       0xfc /home/mohsen/ncs/toolchains/v2.3.0/opt/zephyr-sdk/arm-zephyr-eabi/arm-zephyr-eabi/lib/thumb/v7e-m/nofp/libc_nano.a(lib_a-strtol.o)
 .text.strtol   0x00000000000078f4       0x14 /home/mohsen/ncs/toolchains/v2.3.0/opt/zephyr-sdk/arm-zephyr-eabi/arm-zephyr-eabi/lib/thumb/v7e-m/nofp/libc_nano.a(lib_a-strtol.o)
                0x00000000000078f4                strtol
 .text._strtoul_l.constprop.0
                0x0000000000007908       0xe4 /home/mohsen/ncs/toolchains/v2.3.0/opt/zephyr-sdk/arm-zephyr-eabi/arm-zephyr-eabi/lib/thumb/v7e-m/nofp/libc_nano.a(lib_a-strtoul.o)
 .text.strtoul  0x00000000000079ec       0x14 /home/mohsen/ncs/toolchains/v2.3.0/opt/zephyr-sdk/arm-zephyr-eabi/arm-zephyr-eabi/lib/thumb/v7e-m/nofp/libc_nano.a(lib_a-strtoul.o)
                0x00000000000079ec                strtoul
 .text.std      0x0000000000007a00       0x48 /home/mohsen/ncs/toolchains/v2.3.0/opt/zephyr-sdk/arm-zephyr-eabi/arm-zephyr-eabi/lib/thumb/v7e-m/nofp/libc_nano.a(lib_a-findfp.o)
 .text._cleanup_r
                0x0000000000007a48        0xc /home/mohsen/ncs/toolchains/v2.3.0/opt/zephyr-sdk/arm-zephyr-eabi/arm-zephyr-eabi/lib/thumb/v7e-m/nofp/libc_nano.a(lib_a-findfp.o)
                0x0000000000007a48                _cleanup_r
 .text.__sfp_lock_acquire
                0x0000000000007a54        0xc /home/mohsen/ncs/toolchains/v2.3.0/opt/zephyr-sdk/arm-zephyr-eabi/arm-zephyr-eabi/lib/thumb/v7e-m/nofp/libc_nano.a(lib_a-findfp.o)
                0x0000000000007a54                __sfp_lock_acquire
 .text.__sfp_lock_release
                0x0000000000007a60        0xc /home/mohsen/ncs/toolchains/v2.3.0/opt/zephyr-sdk/arm-zephyr-eabi/arm-zephyr-eabi/lib/thumb/v7e-m/nofp/libc_nano.a(lib_a-findfp.o)
                0x0000000000007a60                __sfp_lock_release
 .text.__sinit_lock_acquire
                0x0000000000007a6c        0xc /home/mohsen/ncs/toolchains/v2.3.0/opt/zephyr-sdk/arm-zephyr-eabi/arm-zephyr-eabi/lib/thumb/v7e-m/nofp/libc_nano.a(lib_a-findfp.o)
                0x0000000000007a6c                __sinit_lock_acquire
 .text.__sinit_lock_release
                0x0000000000007a78        0xc /home/mohsen/ncs/toolchains/v2.3.0/opt/zephyr-sdk/arm-zephyr-eabi/arm-zephyr-eabi/lib/thumb/v7e-m/nofp/libc_nano.a(lib_a-findfp.o)
                0x0000000000007a78                __sinit_lock_release
 .text.__sinit  0x0000000000007a84       0x70 /home/mohsen/ncs/toolchains/v2.3.0/opt/zephyr-sdk/arm-zephyr-eabi/arm-zephyr-eabi/lib/thumb/v7e-m/nofp/libc_nano.a(lib_a-findfp.o)
                0x0000000000007a84                __sinit
 .text.__sfp    0x0000000000007af4       0x8c /home/mohsen/ncs/toolchains/v2.3.0/opt/zephyr-sdk/arm-zephyr-eabi/arm-zephyr-eabi/lib/thumb/v7e-m/nofp/libc_nano.a(lib_a-findfp.o)
                0x0000000000007af4                __sfp
 .text.__malloc_lock
                0x0000000000007b80        0xc /home/mohsen/ncs/toolchains/v2.3.0/opt/zephyr-sdk/arm-zephyr-eabi/arm-zephyr-eabi/lib/thumb/v7e-m/nofp/libc_nano.a(lib_a-mlock.o)
                0x0000000000007b80                __malloc_lock
 .text.__malloc_unlock
                0x0000000000007b8c        0xc /home/mohsen/ncs/toolchains/v2.3.0/opt/zephyr-sdk/arm-zephyr-eabi/arm-zephyr-eabi/lib/thumb/v7e-m/nofp/libc_nano.a(lib_a-mlock.o)
                0x0000000000007b8c                __malloc_unlock
 .text._svfprintf_r
                0x0000000000007b98      0x1f8 /home/mohsen/ncs/toolchains/v2.3.0/opt/zephyr-sdk/arm-zephyr-eabi/arm-zephyr-eabi/lib/thumb/v7e-m/nofp/libc_nano.a(lib_a-nano-svfprintf.o)
                0x0000000000007b98                _svfprintf_r
                0x0000000000007b98                _svfiprintf_r
 .text._vfprintf_r
                0x0000000000007d90      0x258 /home/mohsen/ncs/toolchains/v2.3.0/opt/zephyr-sdk/arm-zephyr-eabi/arm-zephyr-eabi/lib/thumb/v7e-m/nofp/libc_nano.a(lib_a-nano-vfprintf.o)
                0x0000000000007d90                _vfiprintf_r
                0x0000000000007d90                _vfprintf_r
 .text._printf_i
                0x0000000000007fe8      0x25c /home/mohsen/ncs/toolchains/v2.3.0/opt/zephyr-sdk/arm-zephyr-eabi/arm-zephyr-eabi/lib/thumb/v7e-m/nofp/libc_nano.a(lib_a-nano-vfprintf_i.o)
                0x0000000000007fe8                _printf_i
 .text.__swbuf_r
                0x0000000000008244       0xa4 /home/mohsen/ncs/toolchains/v2.3.0/opt/zephyr-sdk/arm-zephyr-eabi/arm-zephyr-eabi/lib/thumb/v7e-m/nofp/libc_nano.a(lib_a-wbuf.o)
                0x0000000000008244                __swbuf_r
 .text._write_r
                0x00000000000082e8       0x24 /home/mohsen/ncs/toolchains/v2.3.0/opt/zephyr-sdk/arm-zephyr-eabi/arm-zephyr-eabi/lib/thumb/v7e-m/nofp/libc_nano.a(lib_a-writer.o)
                0x00000000000082e8                _write_r
 .text.__swsetup_r
                0x000000000000830c       0xd8 /home/mohsen/ncs/toolchains/v2.3.0/opt/zephyr-sdk/arm-zephyr-eabi/arm-zephyr-eabi/lib/thumb/v7e-m/nofp/libc_nano.a(lib_a-wsetup.o)
                0x000000000000830c                __swsetup_r
 .text._close_r
                0x00000000000083e4       0x20 /home/mohsen/ncs/toolchains/v2.3.0/opt/zephyr-sdk/arm-zephyr-eabi/arm-zephyr-eabi/lib/thumb/v7e-m/nofp/libc_nano.a(lib_a-closer.o)
                0x00000000000083e4                _close_r
 .text._fflush_r
                0x0000000000008404       0x78 /home/mohsen/ncs/toolchains/v2.3.0/opt/zephyr-sdk/arm-zephyr-eabi/arm-zephyr-eabi/lib/thumb/v7e-m/nofp/libc_nano.a(lib_a-fflush.o)
                0x0000000000008404                _fflush_r
 .text._lseek_r
                0x000000000000847c       0x24 /home/mohsen/ncs/toolchains/v2.3.0/opt/zephyr-sdk/arm-zephyr-eabi/arm-zephyr-eabi/lib/thumb/v7e-m/nofp/libc_nano.a(lib_a-lseekr.o)
                0x000000000000847c                _lseek_r
 .text.__smakebuf_r
                0x00000000000084a0       0x80 /home/mohsen/ncs/toolchains/v2.3.0/opt/zephyr-sdk/arm-zephyr-eabi/arm-zephyr-eabi/lib/thumb/v7e-m/nofp/libc_nano.a(lib_a-makebuf.o)
                0x00000000000084a0                __smakebuf_r
 .text._read_r  0x0000000000008520       0x24 /home/mohsen/ncs/toolchains/v2.3.0/opt/zephyr-sdk/arm-zephyr-eabi/arm-zephyr-eabi/lib/thumb/v7e-m/nofp/libc_nano.a(lib_a-readr.o)
                0x0000000000008520                _read_r
 .text._fstat_r
                0x0000000000008544       0x24 /home/mohsen/ncs/toolchains/v2.3.0/opt/zephyr-sdk/arm-zephyr-eabi/arm-zephyr-eabi/lib/thumb/v7e-m/nofp/libc_nano.a(lib_a-fstatr.o)
                0x0000000000008544                _fstat_r
 .text._isatty_r
                0x0000000000008568       0x20 /home/mohsen/ncs/toolchains/v2.3.0/opt/zephyr-sdk/arm-zephyr-eabi/arm-zephyr-eabi/lib/thumb/v7e-m/nofp/libc_nano.a(lib_a-isattyr.o)
                0x0000000000008568                _isatty_r
 .text.nrf_cc3xx_platform_init_no_rng
                0x0000000000008588       0x38 /home/mohsen/ncs/v2.3.0/nrfxlib/crypto/nrf_cc310_platform/lib/cortex-m4/soft-float/no-interrupts/libnrf_cc310_platform_0.9.16.a(nrf_cc3xx_platform.c.obj)
                0x0000000000008588                nrf_cc3xx_platform_init_no_rng
 .text.nrf_cc3xx_platform_abort
                0x00000000000085c0       0x24 /home/mohsen/ncs/v2.3.0/nrfxlib/crypto/nrf_cc310_platform/lib/cortex-m4/soft-float/no-interrupts/libnrf_cc310_platform_0.9.16.a(nrf_cc3xx_platform_abort.c.obj)
 .text.CC_PalAbort
                0x00000000000085e4       0x34 /home/mohsen/ncs/v2.3.0/nrfxlib/crypto/nrf_cc310_platform/lib/cortex-m4/soft-float/no-interrupts/libnrf_cc310_platform_0.9.16.a(nrf_cc3xx_platform_abort.c.obj)
                0x00000000000085e4                CC_PalAbort
 .text.nrf_cc3xx_platform_set_abort
                0x0000000000008618       0x10 /home/mohsen/ncs/v2.3.0/nrfxlib/crypto/nrf_cc310_platform/lib/cortex-m4/soft-float/no-interrupts/libnrf_cc310_platform_0.9.16.a(nrf_cc3xx_platform_abort.c.obj)
                0x0000000000008618                nrf_cc3xx_platform_set_abort
 .text.mutex_free
                0x0000000000008628       0x34 /home/mohsen/ncs/v2.3.0/nrfxlib/crypto/nrf_cc310_platform/lib/cortex-m4/soft-float/no-interrupts/libnrf_cc310_platform_0.9.16.a(nrf_cc3xx_platform_mutex.c.obj)
 .text.mutex_lock
                0x000000000000865c       0x48 /home/mohsen/ncs/v2.3.0/nrfxlib/crypto/nrf_cc310_platform/lib/cortex-m4/soft-float/no-interrupts/libnrf_cc310_platform_0.9.16.a(nrf_cc3xx_platform_mutex.c.obj)
 .text.mutex_unlock
                0x00000000000086a4       0x38 /home/mohsen/ncs/v2.3.0/nrfxlib/crypto/nrf_cc310_platform/lib/cortex-m4/soft-float/no-interrupts/libnrf_cc310_platform_0.9.16.a(nrf_cc3xx_platform_mutex.c.obj)
 .text.mutex_init
                0x00000000000086dc       0x20 /home/mohsen/ncs/v2.3.0/nrfxlib/crypto/nrf_cc310_platform/lib/cortex-m4/soft-float/no-interrupts/libnrf_cc310_platform_0.9.16.a(nrf_cc3xx_platform_mutex.c.obj)
 .text.nrf_cc3xx_platform_set_mutexes
                0x00000000000086fc       0x6c /home/mohsen/ncs/v2.3.0/nrfxlib/crypto/nrf_cc310_platform/lib/cortex-m4/soft-float/no-interrupts/libnrf_cc310_platform_0.9.16.a(nrf_cc3xx_platform_mutex.c.obj)
                0x00000000000086fc                nrf_cc3xx_platform_set_mutexes
 .text.CC_LibInitNoRng
                0x0000000000008768       0x64 /home/mohsen/ncs/v2.3.0/nrfxlib/crypto/nrf_cc310_platform/lib/cortex-m4/soft-float/no-interrupts/libnrf_cc310_platform_0.9.16.a(cc_lib.c.obj)
                0x0000000000008768                CC_LibInitNoRng
 .text.CC_HalInit
                0x00000000000087cc        0x4 /home/mohsen/ncs/v2.3.0/nrfxlib/crypto/nrf_cc310_platform/lib/cortex-m4/soft-float/no-interrupts/libnrf_cc310_platform_0.9.16.a(cc_hal.c.obj)
                0x00000000000087cc                CC_HalInit
 .text.CC_HalTerminate
                0x00000000000087d0        0x4 /home/mohsen/ncs/v2.3.0/nrfxlib/crypto/nrf_cc310_platform/lib/cortex-m4/soft-float/no-interrupts/libnrf_cc310_platform_0.9.16.a(cc_hal.c.obj)
                0x00000000000087d0                CC_HalTerminate
 .text.CC_HalMaskInterrupt
                0x00000000000087d4        0xc /home/mohsen/ncs/v2.3.0/nrfxlib/crypto/nrf_cc310_platform/lib/cortex-m4/soft-float/no-interrupts/libnrf_cc310_platform_0.9.16.a(cc_hal.c.obj)
                0x00000000000087d4                CC_HalMaskInterrupt
 .text.CC_PalInit
                0x00000000000087e0       0x5c /home/mohsen/ncs/v2.3.0/nrfxlib/crypto/nrf_cc310_platform/lib/cortex-m4/soft-float/no-interrupts/libnrf_cc310_platform_0.9.16.a(cc_pal.c.obj)
                0x00000000000087e0                CC_PalInit
 .text.CC_PalTerminate
                0x000000000000883c       0x34 /home/mohsen/ncs/v2.3.0/nrfxlib/crypto/nrf_cc310_platform/lib/cortex-m4/soft-float/no-interrupts/libnrf_cc310_platform_0.9.16.a(cc_pal.c.obj)
                0x000000000000883c                CC_PalTerminate
 .text.CC_PalDmaInit
                0x0000000000008870        0x4 /home/mohsen/ncs/v2.3.0/nrfxlib/crypto/nrf_cc310_platform/lib/cortex-m4/soft-float/no-interrupts/libnrf_cc310_platform_0.9.16.a(cc_pal_dma.c.obj)
                0x0000000000008870                CC_PalDmaInit
 .text.CC_PalDmaTerminate
                0x0000000000008874        0x4 /home/mohsen/ncs/v2.3.0/nrfxlib/crypto/nrf_cc310_platform/lib/cortex-m4/soft-float/no-interrupts/libnrf_cc310_platform_0.9.16.a(cc_pal_dma.c.obj)
                0x0000000000008874                CC_PalDmaTerminate
 .text.CC_PalMutexCreate
                0x0000000000008878       0x14 /home/mohsen/ncs/v2.3.0/nrfxlib/crypto/nrf_cc310_platform/lib/cortex-m4/soft-float/no-interrupts/libnrf_cc310_platform_0.9.16.a(cc_pal_mutex.c.obj)
                0x0000000000008878                CC_PalMutexCreate
 .text.CC_PalMutexDestroy
                0x000000000000888c       0x14 /home/mohsen/ncs/v2.3.0/nrfxlib/crypto/nrf_cc310_platform/lib/cortex-m4/soft-float/no-interrupts/libnrf_cc310_platform_0.9.16.a(cc_pal_mutex.c.obj)
                0x000000000000888c                CC_PalMutexDestroy
 .text.CC_PalPowerSaveModeInit
                0x00000000000088a0       0x3c /home/mohsen/ncs/v2.3.0/nrfxlib/crypto/nrf_cc310_platform/lib/cortex-m4/soft-float/no-interrupts/libnrf_cc310_platform_0.9.16.a(cc_pal_pm.c.obj)
                0x00000000000088a0                CC_PalPowerSaveModeInit
 .text.CC_PalPowerSaveModeSelect
                0x00000000000088dc       0x84 /home/mohsen/ncs/v2.3.0/nrfxlib/crypto/nrf_cc310_platform/lib/cortex-m4/soft-float/no-interrupts/libnrf_cc310_platform_0.9.16.a(cc_pal_pm.c.obj)
                0x00000000000088dc                CC_PalPowerSaveModeSelect
 .text.sys_clock_hw_cycles_per_sec
                0x0000000000008960        0xe app/libapp.a(main.c.obj)
 .text.sys_clock_hw_cycles_per_sec_runtime_get
                0x000000000000896e        0xe app/libapp.a(main.c.obj)
 .text.arch_printk_char_out
                0x000000000000897c        0x4 zephyr/libzephyr.a(printk.c.obj)
                0x000000000000897c                arch_printk_char_out
 .text.printk   0x0000000000008980       0x1a zephyr/libzephyr.a(printk.c.obj)
                0x0000000000008980                printk
 .text.z_thread_entry
                0x000000000000899a       0x14 zephyr/libzephyr.a(thread_entry.c.obj)
                0x000000000000899a                z_thread_entry
 .text.chunk_size
                0x00000000000089ae        0xa zephyr/libzephyr.a(heap.c.obj)
 .text.free_list_add
                0x00000000000089b8       0x4e zephyr/libzephyr.a(heap.c.obj)
 .text.sys_heap_init
                0x0000000000008a06       0x70 zephyr/libzephyr.a(heap.c.obj)
                0x0000000000008a06                sys_heap_init
 .text.process_recheck
                0x0000000000008a76       0x38 zephyr/libzephyr.a(onoff.c.obj)
 .text.validate_args
                0x0000000000008aae       0x20 zephyr/libzephyr.a(onoff.c.obj)
 .text.notify_one
                0x0000000000008ace       0x2c zephyr/libzephyr.a(onoff.c.obj)
 .text.transition_complete
                0x0000000000008afa       0x1c zephyr/libzephyr.a(onoff.c.obj)
 .text.onoff_manager_init
                0x0000000000008b16       0x26 zephyr/libzephyr.a(onoff.c.obj)
                0x0000000000008b16                onoff_manager_init
 .text.onoff_request
                0x0000000000008b3c       0xb0 zephyr/libzephyr.a(onoff.c.obj)
                0x0000000000008b3c                onoff_request
 .text.sys_notify_validate
                0x0000000000008bec       0x28 zephyr/libzephyr.a(notify.c.obj)
                0x0000000000008bec                sys_notify_validate
 .text.sys_notify_finalize
                0x0000000000008c14       0x32 zephyr/libzephyr.a(notify.c.obj)
                0x0000000000008c14                sys_notify_finalize
 .text.outs     0x0000000000008c46       0x2e zephyr/libzephyr.a(cbprintf_complete.c.obj)
 .text.ring_buf_put_claim
                0x0000000000008c74       0x3e zephyr/libzephyr.a(ring_buffer.c.obj)
                0x0000000000008c74                ring_buf_put_claim
 .text.ring_buf_put_finish
                0x0000000000008cb2       0x2a zephyr/libzephyr.a(ring_buffer.c.obj)
                0x0000000000008cb2                ring_buf_put_finish
 .text.ring_buf_put
                0x0000000000008cdc       0x3e zephyr/libzephyr.a(ring_buffer.c.obj)
                0x0000000000008cdc                ring_buf_put
 .text.ring_buf_get_claim
                0x0000000000008d1a       0x40 zephyr/libzephyr.a(ring_buffer.c.obj)
                0x0000000000008d1a                ring_buf_get_claim
 .text.ring_buf_get_finish
                0x0000000000008d5a       0x2a zephyr/libzephyr.a(ring_buffer.c.obj)
                0x0000000000008d5a                ring_buf_get_finish
 .text.ring_buf_get
                0x0000000000008d84       0x40 zephyr/libzephyr.a(ring_buffer.c.obj)
                0x0000000000008d84                ring_buf_get
 .text.fnmatchx
                0x0000000000008dc4      0x24c zephyr/libzephyr.a(fnmatch.c.obj)
 .text.fnmatch  0x0000000000009010        0x6 zephyr/libzephyr.a(fnmatch.c.obj)
                0x0000000000009010                fnmatch
 .text._ConfigAbsSyms
                0x0000000000009016        0x2 zephyr/libzephyr.a(configs.c.obj)
                0x0000000000009016                _ConfigAbsSyms
 .text.cmd_kernel_reboot_warm
                0x0000000000009018        0x8 zephyr/libzephyr.a(kernel_service.c.obj)
 .text.cmd_kernel_reboot_cold
                0x0000000000009020        0x8 zephyr/libzephyr.a(kernel_service.c.obj)
 .text.uart_irq_tx_disable
                0x0000000000009028        0xa zephyr/libzephyr.a(shell_uart.c.obj)
 .text.uninit   0x0000000000009032       0x1c zephyr/libzephyr.a(shell_uart.c.obj)
 .text.enable   0x000000000000904e       0x16 zephyr/libzephyr.a(shell_uart.c.obj)
 .text.read     0x0000000000009064       0x12 zephyr/libzephyr.a(shell_uart.c.obj)
 .text.write    0x0000000000009076       0x6e zephyr/libzephyr.a(shell_uart.c.obj)
 .text.uart_callback
                0x00000000000090e4       0xde zephyr/libzephyr.a(shell_uart.c.obj)
 .text.init     0x00000000000091c2       0x12 zephyr/libzephyr.a(shell_dummy.c.obj)
 .text.uninit   0x00000000000091d4       0x12 zephyr/libzephyr.a(shell_dummy.c.obj)
 .text.enable   0x00000000000091e6       0x10 zephyr/libzephyr.a(shell_dummy.c.obj)
 .text.read     0x00000000000091f6       0x12 zephyr/libzephyr.a(shell_dummy.c.obj)
 .text.write    0x0000000000009208       0x3e zephyr/libzephyr.a(shell_dummy.c.obj)
 .text.atomic_or
                0x0000000000009246       0x1e zephyr/libzephyr.a(shell.c.obj)
 .text.atomic_and
                0x0000000000009264       0x1e zephyr/libzephyr.a(shell.c.obj)
 .text.shell_signal_handle
                0x0000000000009282       0x2c zephyr/libzephyr.a(shell.c.obj)
 .text.z_shell_strlen
                0x00000000000092ae        0xc zephyr/libzephyr.a(shell.c.obj)
 .text.z_shell_raw_fprintf
                0x00000000000092ba       0x1a zephyr/libzephyr.a(shell.c.obj)
 .text.k_mutex_lock.constprop.0.isra.0
                0x00000000000092d4        0x4 zephyr/libzephyr.a(shell.c.obj)
 .text.transport_evt_handler
                0x00000000000092d8       0x14 zephyr/libzephyr.a(shell.c.obj)
 .text.kill_handler
                0x00000000000092ec       0x4a zephyr/libzephyr.a(shell.c.obj)
 .text.z_flag_history_exit_set.isra.0
                0x0000000000009336       0x14 zephyr/libzephyr.a(shell.c.obj)
 .text.z_flag_insert_mode_set.isra.0
                0x000000000000934a       0x1e zephyr/libzephyr.a(shell.c.obj)
 .text.k_mutex_unlock.isra.0
                0x0000000000009368        0x4 zephyr/libzephyr.a(shell.c.obj)
 .text.shell_vfprintf
                0x000000000000936c       0x7a zephyr/libzephyr.a(shell.c.obj)
                0x000000000000936c                shell_vfprintf
 .text.shell_fprintf
                0x00000000000093e6       0x1a zephyr/libzephyr.a(shell.c.obj)
                0x00000000000093e6                shell_fprintf
 .text.shell_set_bypass
                0x0000000000009400        0x6 zephyr/libzephyr.a(shell.c.obj)
                0x0000000000009400                shell_set_bypass
 .text.z_shell_fprintf_buffer_flush
                0x0000000000009406       0x18 zephyr/libzephyr.a(shell_fprintf.c.obj)
                0x0000000000009406                z_shell_fprintf_buffer_flush
 .text.out_func
                0x000000000000941e       0x3c zephyr/libzephyr.a(shell_fprintf.c.obj)
 .text.z_shell_strlen
                0x000000000000945a        0xc zephyr/libzephyr.a(shell_utils.c.obj)
 .text.z_column_span_with_buffer_offsets_get
                0x0000000000009466       0x1e zephyr/libzephyr.a(shell_utils.c.obj)
                0x0000000000009466                z_column_span_with_buffer_offsets_get
 .text.z_row_span_with_buffer_offsets_get
                0x0000000000009484       0x16 zephyr/libzephyr.a(shell_utils.c.obj)
                0x0000000000009484                z_row_span_with_buffer_offsets_get
 .text.z_shell_multiline_data_calc
                0x000000000000949a       0x2c zephyr/libzephyr.a(shell_utils.c.obj)
                0x000000000000949a                z_shell_multiline_data_calc
 .text.z_shell_pattern_remove
                0x00000000000094c6       0x4e zephyr/libzephyr.a(shell_utils.c.obj)
                0x00000000000094c6                z_shell_pattern_remove
 .text.z_shell_find_cmd
                0x0000000000009514       0x56 zephyr/libzephyr.a(shell_utils.c.obj)
                0x0000000000009514                z_shell_find_cmd
 .text.z_shell_get_last_command
                0x000000000000956a       0x5c zephyr/libzephyr.a(shell_utils.c.obj)
                0x000000000000956a                z_shell_get_last_command
 .text.shell_strtoul
                0x00000000000095c6       0x5a zephyr/libzephyr.a(shell_utils.c.obj)
                0x00000000000095c6                shell_strtoul
 .text.z_shell_raw_fprintf
                0x0000000000009620       0x1a zephyr/libzephyr.a(shell_ops.c.obj)
 .text.full_line_cmd
                0x000000000000963a       0x28 zephyr/libzephyr.a(shell_ops.c.obj)
 .text.z_shell_cursor_in_empty_line
                0x0000000000009662       0x32 zephyr/libzephyr.a(shell_ops.c.obj)
                0x0000000000009662                z_shell_cursor_in_empty_line
 .text.z_shell_op_cond_next_line
                0x0000000000009694       0x20 zephyr/libzephyr.a(shell_ops.c.obj)
                0x0000000000009694                z_shell_op_cond_next_line
 .text.z_shell_op_cursor_position_synchronize
                0x00000000000096b4       0x46 zephyr/libzephyr.a(shell_ops.c.obj)
                0x00000000000096b4                z_shell_op_cursor_position_synchronize
 .text.z_shell_op_cursor_move
                0x00000000000096fa       0x48 zephyr/libzephyr.a(shell_ops.c.obj)
                0x00000000000096fa                z_shell_op_cursor_move
 .text.z_shell_op_cursor_home_move
                0x0000000000009742        0xc zephyr/libzephyr.a(shell_ops.c.obj)
                0x0000000000009742                z_shell_op_cursor_home_move
 .text.z_shell_op_cursor_end_move
                0x000000000000974e        0xe zephyr/libzephyr.a(shell_ops.c.obj)
                0x000000000000974e                z_shell_op_cursor_end_move
 .text.z_shell_op_left_arrow
                0x000000000000975c       0x10 zephyr/libzephyr.a(shell_ops.c.obj)
                0x000000000000975c                z_shell_op_left_arrow
 .text.z_shell_op_right_arrow
                0x000000000000976c       0x12 zephyr/libzephyr.a(shell_ops.c.obj)
                0x000000000000976c                z_shell_op_right_arrow
 .text.z_shell_op_delete_from_cursor
                0x000000000000977e       0x16 zephyr/libzephyr.a(shell_ops.c.obj)
                0x000000000000977e                z_shell_op_delete_from_cursor
 .text.z_shell_cmd_line_erase
                0x0000000000009794       0x34 zephyr/libzephyr.a(shell_ops.c.obj)
                0x0000000000009794                z_shell_cmd_line_erase
 .text.z_shell_write
                0x00000000000097c8       0x88 zephyr/libzephyr.a(shell_ops.c.obj)
                0x00000000000097c8                z_shell_write
 .text.z_shell_print_stream
                0x0000000000009850        0x4 zephyr/libzephyr.a(shell_ops.c.obj)
                0x0000000000009850                z_shell_print_stream
 .text.z_shell_vfprintf
                0x0000000000009854       0x4a zephyr/libzephyr.a(shell_ops.c.obj)
                0x0000000000009854                z_shell_vfprintf
 .text.z_shell_fprintf
                0x000000000000989e       0x1a zephyr/libzephyr.a(shell_ops.c.obj)
                0x000000000000989e                z_shell_fprintf
 .text.data_insert
                0x00000000000098b8       0x66 zephyr/libzephyr.a(shell_ops.c.obj)
 .text.z_shell_op_completion_insert
                0x000000000000991e        0x4 zephyr/libzephyr.a(shell_ops.c.obj)
                0x000000000000991e                z_shell_op_completion_insert
 .text.z_shell_op_char_delete
                0x0000000000009922       0x36 zephyr/libzephyr.a(shell_ops.c.obj)
                0x0000000000009922                z_shell_op_char_delete
 .text.z_shell_op_char_backspace
                0x0000000000009958       0x22 zephyr/libzephyr.a(shell_ops.c.obj)
                0x0000000000009958                z_shell_op_char_backspace
 .text.z_shell_raw_fprintf
                0x000000000000997a       0x1a zephyr/libzephyr.a(shell_help.c.obj)
 .text.cmd_shell_stats_reset
                0x0000000000009994        0x8 zephyr/libzephyr.a(shell_cmds.c.obj)
 .text.z_shell_raw_fprintf
                0x000000000000999c       0x1a zephyr/libzephyr.a(shell_cmds.c.obj)
 .text.cmd_bacskpace_mode_backspace
                0x00000000000099b6       0x22 zephyr/libzephyr.a(shell_cmds.c.obj)
 .text.cmd_bacskpace_mode_delete
                0x00000000000099d8       0x22 zephyr/libzephyr.a(shell_cmds.c.obj)
 .text.cmd_echo_off
                0x00000000000099fa       0x22 zephyr/libzephyr.a(shell_cmds.c.obj)
 .text.cmd_colors_off
                0x0000000000009a1c       0x22 zephyr/libzephyr.a(shell_cmds.c.obj)
 .text.cmd_colors_on
                0x0000000000009a3e       0x22 zephyr/libzephyr.a(shell_cmds.c.obj)
 .text.cmd_echo_on
                0x0000000000009a60       0x22 zephyr/libzephyr.a(shell_cmds.c.obj)
 .text.remove_from_tail.part.0
                0x0000000000009a82       0x24 zephyr/libzephyr.a(shell_history.c.obj)
 .text.z_shell_history_mode_exit
                0x0000000000009aa6        0x6 zephyr/libzephyr.a(shell_history.c.obj)
                0x0000000000009aa6                z_shell_history_mode_exit
 .text.z_shell_history_get
                0x0000000000009aac       0x56 zephyr/libzephyr.a(shell_history.c.obj)
                0x0000000000009aac                z_shell_history_get
 .text.z_shell_history_purge
                0x0000000000009b02       0x18 zephyr/libzephyr.a(shell_history.c.obj)
                0x0000000000009b02                z_shell_history_purge
 .text.z_shell_history_put
                0x0000000000009b1a       0xd0 zephyr/libzephyr.a(shell_history.c.obj)
                0x0000000000009b1a                z_shell_history_put
 .text.z_shell_history_init
                0x0000000000009bea        0xc zephyr/libzephyr.a(shell_history.c.obj)
                0x0000000000009bea                z_shell_history_init
 .text.z_shell_has_wildcard
                0x0000000000009bf6       0x28 zephyr/libzephyr.a(shell_wildcard.c.obj)
                0x0000000000009bf6                z_shell_has_wildcard
 .text.z_shell_wildcard_prepare
                0x0000000000009c1e       0x42 zephyr/libzephyr.a(shell_wildcard.c.obj)
                0x0000000000009c1e                z_shell_wildcard_prepare
 .text.z_shell_wildcard_finalize
                0x0000000000009c60       0x1e zephyr/libzephyr.a(shell_wildcard.c.obj)
                0x0000000000009c60                z_shell_wildcard_finalize
 .text.abort_function
                0x0000000000009c7e        0x8 zephyr/libzephyr.a(nrf_cc3xx_platform_abort_zephyr.c.obj)
 .text.z_arm_fatal_error
                0x0000000000009c86        0x4 zephyr/arch/arch/arm/core/aarch32/libarch__arm__core__aarch32.a(fatal.c.obj)
                0x0000000000009c86                z_arm_fatal_error
 .text.z_do_kernel_oops
                0x0000000000009c8a        0x8 zephyr/arch/arch/arm/core/aarch32/libarch__arm__core__aarch32.a(fatal.c.obj)
                0x0000000000009c8a                z_do_kernel_oops
 .text.z_irq_spurious
                0x0000000000009c92        0x8 zephyr/arch/arch/arm/core/aarch32/libarch__arm__core__aarch32.a(irq_manage.c.obj)
                0x0000000000009c92                z_irq_spurious
 .text.z_arm_nmi
                0x0000000000009c9a        0xe zephyr/arch/arch/arm/core/aarch32/libarch__arm__core__aarch32.a(nmi.c.obj)
                0x0000000000009c9a                z_arm_nmi
 .text.malloc_prepare
                0x0000000000009ca8        0x4 zephyr/lib/libc/newlib/liblib__libc__newlib.a(libc-hooks.c.obj)
 .text._stdout_hook_default
                0x0000000000009cac        0x6 zephyr/lib/libc/newlib/liblib__libc__newlib.a(libc-hooks.c.obj)
 .text._stdin_hook_default
                0x0000000000009cb2        0x4 zephyr/lib/libc/newlib/liblib__libc__newlib.a(libc-hooks.c.obj)
 .text._read    0x0000000000009cb6        0x8 zephyr/lib/libc/newlib/liblib__libc__newlib.a(libc-hooks.c.obj)
                0x0000000000009cb6                read
                0x0000000000009cb6                _read
 .text._write   0x0000000000009cbe        0x8 zephyr/lib/libc/newlib/liblib__libc__newlib.a(libc-hooks.c.obj)
                0x0000000000009cbe                write
                0x0000000000009cbe                _write
 .text._close   0x0000000000009cc6        0x6 zephyr/lib/libc/newlib/liblib__libc__newlib.a(libc-hooks.c.obj)
                0x0000000000009cc6                close
                0x0000000000009cc6                _close
 .text._lseek   0x0000000000009ccc        0x4 zephyr/lib/libc/newlib/liblib__libc__newlib.a(libc-hooks.c.obj)
                0x0000000000009ccc                lseek
                0x0000000000009ccc                _lseek
 .text._isatty  0x0000000000009cd0        0xa zephyr/lib/libc/newlib/liblib__libc__newlib.a(libc-hooks.c.obj)
                0x0000000000009cd0                isatty
                0x0000000000009cd0                _isatty
 .text._fstat   0x0000000000009cda        0xa zephyr/lib/libc/newlib/liblib__libc__newlib.a(libc-hooks.c.obj)
                0x0000000000009cda                _fstat
                0x0000000000009cda                fstat
 .text.__retarget_lock_init_recursive
                0x0000000000009ce4       0x14 zephyr/lib/libc/newlib/liblib__libc__newlib.a(libc-hooks.c.obj)
                0x0000000000009ce4                __retarget_lock_init_recursive
 .text.__retarget_lock_acquire_recursive
                0x0000000000009cf8        0xc zephyr/lib/libc/newlib/liblib__libc__newlib.a(libc-hooks.c.obj)
                0x0000000000009cf8                __retarget_lock_acquire_recursive
 .text.__retarget_lock_release_recursive
                0x0000000000009d04        0x4 zephyr/lib/libc/newlib/liblib__libc__newlib.a(libc-hooks.c.obj)
                0x0000000000009d04                __retarget_lock_release_recursive
 .text.__errno  0x0000000000009d08        0x4 zephyr/lib/libc/newlib/liblib__libc__newlib.a(libc-hooks.c.obj)
                0x0000000000009d08                __errno
 .text.pm_state_set
                0x0000000000009d0c       0x18 zephyr/soc/arm/nordic_nrf/nrf52/libsoc__arm__nordic_nrf__nrf52.a(power.c.obj)
                0x0000000000009d0c                pm_state_set
 .text.pm_state_exit_post_ops
                0x0000000000009d24        0xc zephyr/soc/arm/nordic_nrf/nrf52/libsoc__arm__nordic_nrf__nrf52.a(power.c.obj)
                0x0000000000009d24                pm_state_exit_post_ops
 .text.get_status
                0x0000000000009d30       0x12 zephyr/drivers/clock_control/libdrivers__clock_control.a(clock_control_nrf.c.obj)
 .text.set_on_state
                0x0000000000009d42       0x26 zephyr/drivers/clock_control/libdrivers__clock_control.a(clock_control_nrf.c.obj)
 .text.stop     0x0000000000009d68       0x54 zephyr/drivers/clock_control/libdrivers__clock_control.a(clock_control_nrf.c.obj)
 .text.api_stop
                0x0000000000009dbc        0x6 zephyr/drivers/clock_control/libdrivers__clock_control.a(clock_control_nrf.c.obj)
 .text.async_start
                0x0000000000009dc2       0x5e zephyr/drivers/clock_control/libdrivers__clock_control.a(clock_control_nrf.c.obj)
 .text.api_start
                0x0000000000009e20        0xe zephyr/drivers/clock_control/libdrivers__clock_control.a(clock_control_nrf.c.obj)
 .text.onoff_started_callback
                0x0000000000009e2e       0x12 zephyr/drivers/clock_control/libdrivers__clock_control.a(clock_control_nrf.c.obj)
 .text.lfclk_start
                0x0000000000009e40        0x6 zephyr/drivers/clock_control/libdrivers__clock_control.a(clock_control_nrf.c.obj)
 .text.lfclk_stop
                0x0000000000009e46        0x6 zephyr/drivers/clock_control/libdrivers__clock_control.a(clock_control_nrf.c.obj)
 .text.blocking_start_callback
                0x0000000000009e4c        0x6 zephyr/drivers/clock_control/libdrivers__clock_control.a(clock_control_nrf.c.obj)
 .text.gpio_nrfx_port_get_raw
                0x0000000000009e52        0xe zephyr/drivers/gpio/libdrivers__gpio.a(gpio_nrfx.c.obj)
 .text.gpio_nrfx_port_set_masked_raw
                0x0000000000009e60       0x18 zephyr/drivers/gpio/libdrivers__gpio.a(gpio_nrfx.c.obj)
 .text.gpio_nrfx_port_set_bits_raw
                0x0000000000009e78        0xc zephyr/drivers/gpio/libdrivers__gpio.a(gpio_nrfx.c.obj)
 .text.gpio_nrfx_port_clear_bits_raw
                0x0000000000009e84        0xc zephyr/drivers/gpio/libdrivers__gpio.a(gpio_nrfx.c.obj)
 .text.gpio_nrfx_port_toggle_bits
                0x0000000000009e90       0x1a zephyr/drivers/gpio/libdrivers__gpio.a(gpio_nrfx.c.obj)
 .text.gpio_nrfx_manage_callback
                0x0000000000009eaa       0x52 zephyr/drivers/gpio/libdrivers__gpio.a(gpio_nrfx.c.obj)
 .text.uarte_nrfx_config_get
                0x0000000000009efc       0x10 zephyr/drivers/serial/libdrivers__serial.a(uart_nrfx_uarte.c.obj)
 .text.uarte_nrfx_err_check
                0x0000000000009f0c        0xe zephyr/drivers/serial/libdrivers__serial.a(uart_nrfx_uarte.c.obj)
 .text.tx_start
                0x0000000000009f1a       0x3e zephyr/drivers/serial/libdrivers__serial.a(uart_nrfx_uarte.c.obj)
 .text.uarte_nrfx_poll_in
                0x0000000000009f58       0x28 zephyr/drivers/serial/libdrivers__serial.a(uart_nrfx_uarte.c.obj)
 .text.uarte_nrfx_fifo_read
                0x0000000000009f80       0x2e zephyr/drivers/serial/libdrivers__serial.a(uart_nrfx_uarte.c.obj)
 .text.uarte_nrfx_irq_tx_enable
                0x0000000000009fae       0x2e zephyr/drivers/serial/libdrivers__serial.a(uart_nrfx_uarte.c.obj)
 .text.uarte_nrfx_irq_tx_disable
                0x0000000000009fdc        0xa zephyr/drivers/serial/libdrivers__serial.a(uart_nrfx_uarte.c.obj)
 .text.uarte_nrfx_irq_tx_ready_complete
                0x0000000000009fe6       0x2a zephyr/drivers/serial/libdrivers__serial.a(uart_nrfx_uarte.c.obj)
 .text.uarte_nrfx_irq_rx_ready
                0x000000000000a010       0x10 zephyr/drivers/serial/libdrivers__serial.a(uart_nrfx_uarte.c.obj)
 .text.uarte_nrfx_irq_rx_enable
                0x000000000000a020        0xc zephyr/drivers/serial/libdrivers__serial.a(uart_nrfx_uarte.c.obj)
 .text.uarte_nrfx_irq_rx_disable
                0x000000000000a02c        0xc zephyr/drivers/serial/libdrivers__serial.a(uart_nrfx_uarte.c.obj)
 .text.uarte_nrfx_irq_err_enable
                0x000000000000a038        0xe zephyr/drivers/serial/libdrivers__serial.a(uart_nrfx_uarte.c.obj)
 .text.uarte_nrfx_irq_err_disable
                0x000000000000a046        0xe zephyr/drivers/serial/libdrivers__serial.a(uart_nrfx_uarte.c.obj)
 .text.uarte_nrfx_irq_is_pending
                0x000000000000a054       0x36 zephyr/drivers/serial/libdrivers__serial.a(uart_nrfx_uarte.c.obj)
 .text.uarte_nrfx_irq_update
                0x000000000000a08a        0x4 zephyr/drivers/serial/libdrivers__serial.a(uart_nrfx_uarte.c.obj)
 .text.uarte_nrfx_irq_callback_set
                0x000000000000a08e        0xc zephyr/drivers/serial/libdrivers__serial.a(uart_nrfx_uarte.c.obj)
 .text.is_tx_ready.isra.0
                0x000000000000a09a       0x20 zephyr/drivers/serial/libdrivers__serial.a(uart_nrfx_uarte.c.obj)
 .text.uarte_nrfx_fifo_fill
                0x000000000000a0ba       0x78 zephyr/drivers/serial/libdrivers__serial.a(uart_nrfx_uarte.c.obj)
 .text.uarte_nrfx_isr_int
                0x000000000000a132       0xc0 zephyr/drivers/serial/libdrivers__serial.a(uart_nrfx_uarte.c.obj)
 .text.uarte_1_init
                0x000000000000a1f2       0x1e zephyr/drivers/serial/libdrivers__serial.a(uart_nrfx_uarte.c.obj)
 .text.uarte_0_init
                0x000000000000a210       0x1e zephyr/drivers/serial/libdrivers__serial.a(uart_nrfx_uarte.c.obj)
 .text.sys_clock_idle_exit
                0x000000000000a22e        0x2 zephyr/drivers/timer/libdrivers__timer.a(sys_clock_init.c.obj)
                0x000000000000a22e                sys_clock_idle_exit
 .text.event_clear
                0x000000000000a230       0x18 zephyr/drivers/timer/libdrivers__timer.a(nrf_rtc_timer.c.obj)
 .text.sys_clock_cycle_get_32
                0x000000000000a248        0x8 zephyr/drivers/timer/libdrivers__timer.a(nrf_rtc_timer.c.obj)
                0x000000000000a248                sys_clock_cycle_get_32
 .text.pinctrl_lookup_state
                0x000000000000a250       0x26 zephyr/drivers/pinctrl/libdrivers__pinctrl.a(common.c.obj)
                0x000000000000a250                pinctrl_lookup_state
 .text.k_sys_fatal_error_handler
                0x000000000000a276        0x8 modules/nrf/lib/fatal_error/lib..__nrf__lib__fatal_error.a(fatal_error.c.obj)
                0x000000000000a276                k_sys_fatal_error_handler
 .text.hw_cc3xx_init_internal
                0x000000000000a27e        0x4 modules/nrf/drivers/hw_cc310/lib..__nrf__drivers__hw_cc310.a(hw_cc310.c.obj)
 .text.hw_cc3xx_init
                0x000000000000a282       0x12 modules/nrf/drivers/hw_cc310/lib..__nrf__drivers__hw_cc310.a(hw_cc310.c.obj)
 .text.nrfx_isr
                0x000000000000a294        0x2 modules/hal_nordic/nrfx/libmodules__hal_nordic__nrfx.a(nrfx_glue.c.obj)
                0x000000000000a294                nrfx_isr
 .text.nrfx_busy_wait
                0x000000000000a296        0x4 modules/hal_nordic/nrfx/libmodules__hal_nordic__nrfx.a(nrfx_glue.c.obj)
                0x000000000000a296                nrfx_busy_wait
 .text.nrfx_clock_enable
                0x000000000000a29a       0x1a modules/hal_nordic/nrfx/libmodules__hal_nordic__nrfx.a(nrfx_clock.c.obj)
                0x000000000000a29a                nrfx_clock_enable
 .text.nrfx_clock_start
                0x000000000000a2b4       0x78 modules/hal_nordic/nrfx/libmodules__hal_nordic__nrfx.a(nrfx_clock.c.obj)
                0x000000000000a2b4                nrfx_clock_start
 .text.nrfx_clock_stop
                0x000000000000a32c        0x4 modules/hal_nordic/nrfx/libmodules__hal_nordic__nrfx.a(nrfx_clock.c.obj)
                0x000000000000a32c                nrfx_clock_stop
 .text.nrf_gpio_reconfigure
                0x000000000000a330       0x92 modules/hal_nordic/nrfx/libmodules__hal_nordic__nrfx.a(nrfx_gpiote.c.obj)
 .text.nrf_gpio_cfg_sense_set
                0x000000000000a3c2       0x1e modules/hal_nordic/nrfx/libmodules__hal_nordic__nrfx.a(nrfx_gpiote.c.obj)
 .text.SEGGER_RTT_Init
                0x000000000000a3e0        0x4 modules/segger/libmodules__segger.a(SEGGER_RTT.c.obj)
                0x000000000000a3e0                SEGGER_RTT_Init
 .text.rtt_init
                0x000000000000a3e4        0xa modules/segger/libmodules__segger.a(SEGGER_RTT_zephyr.c.obj)
 .text.z_device_state_init
                0x000000000000a3ee        0x2 zephyr/kernel/libkernel.a(device.c.obj)
                0x000000000000a3ee                z_device_state_init
 .text.z_device_is_ready
                0x000000000000a3f0       0x16 zephyr/kernel/libkernel.a(device.c.obj)
                0x000000000000a3f0                z_device_is_ready
 .text.device_required_foreach
                0x000000000000a406       0x30 zephyr/kernel/libkernel.a(device.c.obj)
                0x000000000000a406                device_required_foreach
 .text.z_fatal_error
                0x000000000000a436       0x36 zephyr/kernel/libkernel.a(fatal.c.obj)
                0x000000000000a436                z_fatal_error
 .text.z_early_memset
                0x000000000000a46c        0x4 zephyr/kernel/libkernel.a(init.c.obj)
                0x000000000000a46c                z_early_memset
 .text.z_early_memcpy
                0x000000000000a470        0x4 zephyr/kernel/libkernel.a(init.c.obj)
                0x000000000000a470                z_early_memcpy
 .text.create_free_list
                0x000000000000a474       0x2c zephyr/kernel/libkernel.a(mem_slab.c.obj)
 .text.k_mem_slab_init
                0x000000000000a4a0       0x1c zephyr/kernel/libkernel.a(mem_slab.c.obj)
                0x000000000000a4a0                k_mem_slab_init
 .text.k_mem_slab_free
                0x000000000000a4bc       0x54 zephyr/kernel/libkernel.a(mem_slab.c.obj)
                0x000000000000a4bc                k_mem_slab_free
 .text.k_is_in_isr
                0x000000000000a510        0xc zephyr/kernel/libkernel.a(thread.c.obj)
                0x000000000000a510                k_is_in_isr
 .text.k_thread_name_get
                0x000000000000a51c        0x4 zephyr/kernel/libkernel.a(thread.c.obj)
                0x000000000000a51c                k_thread_name_get
 .text.z_impl_k_thread_start
                0x000000000000a520        0x4 zephyr/kernel/libkernel.a(thread.c.obj)
                0x000000000000a520                z_impl_k_thread_start
 .text.z_stack_space_get
                0x000000000000a524       0x18 zephyr/kernel/libkernel.a(thread.c.obj)
                0x000000000000a524                z_stack_space_get
 .text.z_impl_k_thread_stack_space_get
                0x000000000000a53c        0xa zephyr/kernel/libkernel.a(thread.c.obj)
                0x000000000000a53c                z_impl_k_thread_stack_space_get
 .text.z_pm_save_idle_exit
                0x000000000000a546        0xe zephyr/kernel/libkernel.a(idle.c.obj)
                0x000000000000a546                z_pm_save_idle_exit
 .text.adjust_owner_prio.isra.0
                0x000000000000a554       0x10 zephyr/kernel/libkernel.a(mutex.c.obj)
 .text.z_impl_k_mutex_init
                0x000000000000a564        0xe zephyr/kernel/libkernel.a(mutex.c.obj)
                0x000000000000a564                z_impl_k_mutex_init
 .text.sys_dlist_remove
                0x000000000000a572       0x10 zephyr/kernel/libkernel.a(sched.c.obj)
 .text.unpend_thread_no_timeout
                0x000000000000a582       0x14 zephyr/kernel/libkernel.a(sched.c.obj)
 .text.z_sched_prio_cmp
                0x000000000000a596       0x12 zephyr/kernel/libkernel.a(sched.c.obj)
                0x000000000000a596                z_sched_prio_cmp
 .text.z_thread_timeout
                0x000000000000a5a8       0x44 zephyr/kernel/libkernel.a(sched.c.obj)
                0x000000000000a5a8                z_thread_timeout
 .text.add_to_waitq_locked
                0x000000000000a5ec       0x50 zephyr/kernel/libkernel.a(sched.c.obj)
 .text.z_ready_thread
                0x000000000000a63c       0x20 zephyr/kernel/libkernel.a(sched.c.obj)
                0x000000000000a63c                z_ready_thread
 .text.z_unpend_first_thread
                0x000000000000a65c       0x38 zephyr/kernel/libkernel.a(sched.c.obj)
                0x000000000000a65c                z_unpend_first_thread
 .text.z_unpend_thread
                0x000000000000a694       0x28 zephyr/kernel/libkernel.a(sched.c.obj)
                0x000000000000a694                z_unpend_thread
 .text.z_reschedule_irqlock
                0x000000000000a6bc       0x18 zephyr/kernel/libkernel.a(sched.c.obj)
                0x000000000000a6bc                z_reschedule_irqlock
 .text.z_reschedule_unlocked
                0x000000000000a6d4       0x14 zephyr/kernel/libkernel.a(sched.c.obj)
 .text.z_sched_wake
                0x000000000000a6e8       0x48 zephyr/kernel/libkernel.a(sched.c.obj)
                0x000000000000a6e8                z_sched_wake
 .text.z_abort_timeout
                0x000000000000a730       0x2c zephyr/kernel/libkernel.a(timeout.c.obj)
                0x000000000000a730                z_abort_timeout
 .text.z_get_next_timeout_expiry
                0x000000000000a75c       0x20 zephyr/kernel/libkernel.a(timeout.c.obj)
                0x000000000000a75c                z_get_next_timeout_expiry
 .text.z_set_timeout_expiry
                0x000000000000a77c       0x38 zephyr/kernel/libkernel.a(timeout.c.obj)
                0x000000000000a77c                z_set_timeout_expiry
 .text.sys_clock_tick_get_32
                0x000000000000a7b4        0x8 zephyr/kernel/libkernel.a(timeout.c.obj)
                0x000000000000a7b4                sys_clock_tick_get_32
 .text.z_impl_k_uptime_ticks
                0x000000000000a7bc        0x4 zephyr/kernel/libkernel.a(timeout.c.obj)
                0x000000000000a7bc                z_impl_k_uptime_ticks
 .text.z_impl_k_busy_wait
                0x000000000000a7c0        0x8 zephyr/kernel/libkernel.a(timeout.c.obj)
                0x000000000000a7c0                z_impl_k_busy_wait
 .text.add_event
                0x000000000000a7c8       0x62 zephyr/kernel/libkernel.a(poll.c.obj)
 .text.register_events
                0x000000000000a82a       0xee zephyr/kernel/libkernel.a(poll.c.obj)
 .text.signal_poll_event
                0x000000000000a918       0xb4 zephyr/kernel/libkernel.a(poll.c.obj)
 .text.clear_event_registrations
                0x000000000000a9cc       0x5e zephyr/kernel/libkernel.a(poll.c.obj)
 .text.k_poll_event_init
                0x000000000000aa2a       0x1e zephyr/kernel/libkernel.a(poll.c.obj)
                0x000000000000aa2a                k_poll_event_init
 .text.z_handle_obj_poll_events
                0x000000000000aa48       0x1c zephyr/kernel/libkernel.a(poll.c.obj)
                0x000000000000aa48                z_handle_obj_poll_events
 .text.z_impl_k_poll_signal_init
                0x000000000000aa64        0xa zephyr/kernel/libkernel.a(poll.c.obj)
                0x000000000000aa64                z_impl_k_poll_signal_init
 .text.z_impl_k_poll_signal_reset
                0x000000000000aa6e        0x6 zephyr/kernel/libkernel.a(poll.c.obj)
                0x000000000000aa6e                z_impl_k_poll_signal_reset
 .text.z_impl_k_poll_signal_check
                0x000000000000aa74        0xa zephyr/kernel/libkernel.a(poll.c.obj)